[2023-09-20T14:43:50.275+0530][gc] Using G1
[2023-09-20T14:43:50.280+0530][gc,init] Version: 17.0.8.1+1-Ubuntu-0ubuntu120.04 (release)
[2023-09-20T14:43:50.280+0530][gc,init] CPUs: 12 total, 12 available
[2023-09-20T14:43:50.280+0530][gc,init] Memory: 7651M
[2023-09-20T14:43:50.280+0530][gc,init] Large Page Support: Disabled
[2023-09-20T14:43:50.280+0530][gc,init] NUMA Support: Disabled
[2023-09-20T14:43:50.280+0530][gc,init] Compressed Oops: Enabled (32-bit)
[2023-09-20T14:43:50.280+0530][gc,init] Heap Region Size: 1M
[2023-09-20T14:43:50.280+0530][gc,init] Heap Min Capacity: 1G
[2023-09-20T14:43:50.280+0530][gc,init] Heap Initial Capacity: 1G
[2023-09-20T14:43:50.280+0530][gc,init] Heap Max Capacity: 1G
[2023-09-20T14:43:50.280+0530][gc,init] Pre-touch: Disabled
[2023-09-20T14:43:50.280+0530][gc,init] Parallel Workers: 10
[2023-09-20T14:43:50.280+0530][gc,init] Concurrent Workers: 3
[2023-09-20T14:43:50.280+0530][gc,init] Concurrent Refinement Workers: 10
[2023-09-20T14:43:50.280+0530][gc,init] Periodic GC: Disabled
[2023-09-20T14:43:50.285+0530][gc,metaspace] CDS archive(s) mapped at: [0x00007fac4b000000-0x00007fac4bbeb000-0x00007fac4bbeb000), size 12496896, SharedBaseAddress: 0x00007fac4b000000, ArchiveRelocationMode: 1.
[2023-09-20T14:43:50.285+0530][gc,metaspace] Compressed class space mapped at: 0x00007fac4c000000-0x00007fac8c000000, reserved size: 1073741824
[2023-09-20T14:43:50.285+0530][gc,metaspace] Narrow klass base: 0x00007fac4b000000, Narrow klass shift: 0, Narrow klass range: 0x100000000
[2023-09-20T14:43:51.329+0530][gc,start    ] GC(0) Pause Young (Normal) (G1 Evacuation Pause)
[2023-09-20T14:43:51.331+0530][gc,task     ] GC(0) Using 10 workers of 10 for evacuation
[2023-09-20T14:43:51.343+0530][gc,phases   ] GC(0)   Pre Evacuate Collection Set: 0.2ms
[2023-09-20T14:43:51.343+0530][gc,phases   ] GC(0)   Merge Heap Roots: 0.2ms
[2023-09-20T14:43:51.343+0530][gc,phases   ] GC(0)   Evacuate Collection Set: 10.7ms
[2023-09-20T14:43:51.343+0530][gc,phases   ] GC(0)   Post Evacuate Collection Set: 1.0ms
[2023-09-20T14:43:51.343+0530][gc,phases   ] GC(0)   Other: 1.5ms
[2023-09-20T14:43:51.343+0530][gc,heap     ] GC(0) Eden regions: 51->0(44)
[2023-09-20T14:43:51.343+0530][gc,heap     ] GC(0) Survivor regions: 0->7(7)
[2023-09-20T14:43:51.343+0530][gc,heap     ] GC(0) Old regions: 0->1
[2023-09-20T14:43:51.343+0530][gc,heap     ] GC(0) Archive regions: 2->2
[2023-09-20T14:43:51.343+0530][gc,heap     ] GC(0) Humongous regions: 0->0
[2023-09-20T14:43:51.343+0530][gc,metaspace] GC(0) Metaspace: 18848K(19072K)->18848K(19072K) NonClass: 16594K(16704K)->16594K(16704K) Class: 2254K(2368K)->2254K(2368K)
[2023-09-20T14:43:51.343+0530][gc          ] GC(0) Pause Young (Normal) (G1 Evacuation Pause) 51M->8M(1024M) 13.654ms
[2023-09-20T14:43:51.343+0530][gc,cpu      ] GC(0) User=0.02s Sys=0.09s Real=0.02s
[2023-09-20T14:43:51.496+0530][gc,start    ] GC(1) Pause Young (Concurrent Start) (Metadata GC Threshold)
[2023-09-20T14:43:51.496+0530][gc,task     ] GC(1) Using 10 workers of 10 for evacuation
[2023-09-20T14:43:51.508+0530][gc,phases   ] GC(1)   Pre Evacuate Collection Set: 0.4ms
[2023-09-20T14:43:51.508+0530][gc,phases   ] GC(1)   Merge Heap Roots: 0.4ms
[2023-09-20T14:43:51.508+0530][gc,phases   ] GC(1)   Evacuate Collection Set: 10.0ms
[2023-09-20T14:43:51.508+0530][gc,phases   ] GC(1)   Post Evacuate Collection Set: 0.8ms
[2023-09-20T14:43:51.508+0530][gc,phases   ] GC(1)   Other: 0.2ms
[2023-09-20T14:43:51.508+0530][gc,heap     ] GC(1) Eden regions: 9->0(50)
[2023-09-20T14:43:51.508+0530][gc,heap     ] GC(1) Survivor regions: 7->1(7)
[2023-09-20T14:43:51.508+0530][gc,heap     ] GC(1) Old regions: 1->8
[2023-09-20T14:43:51.508+0530][gc,heap     ] GC(1) Archive regions: 2->2
[2023-09-20T14:43:51.508+0530][gc,heap     ] GC(1) Humongous regions: 0->0
[2023-09-20T14:43:51.508+0530][gc,metaspace] GC(1) Metaspace: 21313K(21504K)->21313K(21504K) NonClass: 18746K(18816K)->18746K(18816K) Class: 2567K(2688K)->2567K(2688K)
[2023-09-20T14:43:51.508+0530][gc          ] GC(1) Pause Young (Concurrent Start) (Metadata GC Threshold) 17M->9M(1024M) 11.830ms
[2023-09-20T14:43:51.508+0530][gc,cpu      ] GC(1) User=0.01s Sys=0.09s Real=0.01s
[2023-09-20T14:43:51.508+0530][gc          ] GC(2) Concurrent Mark Cycle
[2023-09-20T14:43:51.508+0530][gc,marking  ] GC(2) Concurrent Clear Claimed Marks
[2023-09-20T14:43:51.508+0530][gc,marking  ] GC(2) Concurrent Clear Claimed Marks 0.021ms
[2023-09-20T14:43:51.508+0530][gc,marking  ] GC(2) Concurrent Scan Root Regions
[2023-09-20T14:43:51.510+0530][gc,marking  ] GC(2) Concurrent Scan Root Regions 1.781ms
[2023-09-20T14:43:51.510+0530][gc,marking  ] GC(2) Concurrent Mark
[2023-09-20T14:43:51.510+0530][gc,marking  ] GC(2) Concurrent Mark From Roots
[2023-09-20T14:43:51.510+0530][gc,task     ] GC(2) Using 3 workers of 3 for marking
[2023-09-20T14:43:51.512+0530][gc,marking  ] GC(2) Concurrent Mark From Roots 1.400ms
[2023-09-20T14:43:51.512+0530][gc,marking  ] GC(2) Concurrent Preclean
[2023-09-20T14:43:51.512+0530][gc,marking  ] GC(2) Concurrent Preclean 0.049ms
[2023-09-20T14:43:51.512+0530][gc,start    ] GC(2) Pause Remark
[2023-09-20T14:43:51.514+0530][gc          ] GC(2) Pause Remark 9M->9M(1024M) 2.192ms
[2023-09-20T14:43:51.514+0530][gc,cpu      ] GC(2) User=0.01s Sys=0.00s Real=0.00s
[2023-09-20T14:43:51.515+0530][gc,marking  ] GC(2) Concurrent Mark 4.361ms
[2023-09-20T14:43:51.515+0530][gc,marking  ] GC(2) Concurrent Rebuild Remembered Sets
[2023-09-20T14:43:51.516+0530][gc,marking  ] GC(2) Concurrent Rebuild Remembered Sets 1.394ms
[2023-09-20T14:43:51.516+0530][gc,start    ] GC(2) Pause Cleanup
[2023-09-20T14:43:51.517+0530][gc          ] GC(2) Pause Cleanup 9M->9M(1024M) 0.285ms
[2023-09-20T14:43:51.517+0530][gc,cpu      ] GC(2) User=0.00s Sys=0.00s Real=0.00s
[2023-09-20T14:43:51.517+0530][gc,marking  ] GC(2) Concurrent Cleanup for Next Mark
[2023-09-20T14:43:51.520+0530][gc,marking  ] GC(2) Concurrent Cleanup for Next Mark 2.934ms
[2023-09-20T14:43:51.520+0530][gc          ] GC(2) Concurrent Mark Cycle 11.529ms
[2023-09-20T14:43:52.660+0530][gc,start    ] GC(3) Pause Young (Normal) (G1 Evacuation Pause)
[2023-09-20T14:43:52.660+0530][gc,task     ] GC(3) Using 10 workers of 10 for evacuation
[2023-09-20T14:43:52.666+0530][gc,phases   ] GC(3)   Pre Evacuate Collection Set: 0.2ms
[2023-09-20T14:43:52.666+0530][gc,phases   ] GC(3)   Merge Heap Roots: 0.2ms
[2023-09-20T14:43:52.666+0530][gc,phases   ] GC(3)   Evacuate Collection Set: 3.5ms
[2023-09-20T14:43:52.666+0530][gc,phases   ] GC(3)   Post Evacuate Collection Set: 1.8ms
[2023-09-20T14:43:52.666+0530][gc,phases   ] GC(3)   Other: 0.2ms
[2023-09-20T14:43:52.666+0530][gc,heap     ] GC(3) Eden regions: 50->0(45)
[2023-09-20T14:43:52.666+0530][gc,heap     ] GC(3) Survivor regions: 1->6(7)
[2023-09-20T14:43:52.666+0530][gc,heap     ] GC(3) Old regions: 8->8
[2023-09-20T14:43:52.666+0530][gc,heap     ] GC(3) Archive regions: 2->2
[2023-09-20T14:43:52.666+0530][gc,heap     ] GC(3) Humongous regions: 129->129
[2023-09-20T14:43:52.666+0530][gc,metaspace] GC(3) Metaspace: 30695K(30976K)->30695K(30976K) NonClass: 27232K(27392K)->27232K(27392K) Class: 3463K(3584K)->3463K(3584K)
[2023-09-20T14:43:52.666+0530][gc          ] GC(3) Pause Young (Normal) (G1 Evacuation Pause) 188M->143M(1024M) 6.105ms
[2023-09-20T14:43:52.666+0530][gc,cpu      ] GC(3) User=0.04s Sys=0.00s Real=0.01s
[2023-09-20T14:43:53.033+0530][gc,start    ] GC(4) Pause Young (Concurrent Start) (Metadata GC Threshold)
[2023-09-20T14:43:53.033+0530][gc,task     ] GC(4) Using 10 workers of 10 for evacuation
[2023-09-20T14:43:53.045+0530][gc,phases   ] GC(4)   Pre Evacuate Collection Set: 0.3ms
[2023-09-20T14:43:53.045+0530][gc,phases   ] GC(4)   Merge Heap Roots: 0.2ms
[2023-09-20T14:43:53.045+0530][gc,phases   ] GC(4)   Evacuate Collection Set: 9.9ms
[2023-09-20T14:43:53.045+0530][gc,phases   ] GC(4)   Post Evacuate Collection Set: 1.0ms
[2023-09-20T14:43:53.045+0530][gc,phases   ] GC(4)   Other: 0.2ms
[2023-09-20T14:43:53.045+0530][gc,heap     ] GC(4) Eden regions: 22->0(49)
[2023-09-20T14:43:53.045+0530][gc,heap     ] GC(4) Survivor regions: 6->2(7)
[2023-09-20T14:43:53.045+0530][gc,heap     ] GC(4) Old regions: 8->14
[2023-09-20T14:43:53.045+0530][gc,heap     ] GC(4) Archive regions: 2->2
[2023-09-20T14:43:53.045+0530][gc,heap     ] GC(4) Humongous regions: 129->129
[2023-09-20T14:43:53.045+0530][gc,metaspace] GC(4) Metaspace: 35715K(35968K)->35715K(35968K) NonClass: 31660K(31808K)->31660K(31808K) Class: 4055K(4160K)->4055K(4160K)
[2023-09-20T14:43:53.045+0530][gc          ] GC(4) Pause Young (Concurrent Start) (Metadata GC Threshold) 164M->144M(1024M) 11.723ms
[2023-09-20T14:43:53.045+0530][gc,cpu      ] GC(4) User=0.04s Sys=0.08s Real=0.01s
[2023-09-20T14:43:53.045+0530][gc          ] GC(5) Concurrent Mark Cycle
[2023-09-20T14:43:53.045+0530][gc,marking  ] GC(5) Concurrent Clear Claimed Marks
[2023-09-20T14:43:53.045+0530][gc,marking  ] GC(5) Concurrent Clear Claimed Marks 0.037ms
[2023-09-20T14:43:53.045+0530][gc,marking  ] GC(5) Concurrent Scan Root Regions
[2023-09-20T14:43:53.047+0530][gc,marking  ] GC(5) Concurrent Scan Root Regions 1.849ms
[2023-09-20T14:43:53.047+0530][gc,marking  ] GC(5) Concurrent Mark
[2023-09-20T14:43:53.047+0530][gc,marking  ] GC(5) Concurrent Mark From Roots
[2023-09-20T14:43:53.047+0530][gc,task     ] GC(5) Using 3 workers of 3 for marking
[2023-09-20T14:43:53.051+0530][gc,marking  ] GC(5) Concurrent Mark From Roots 3.864ms
[2023-09-20T14:43:53.051+0530][gc,marking  ] GC(5) Concurrent Preclean
[2023-09-20T14:43:53.051+0530][gc,marking  ] GC(5) Concurrent Preclean 0.114ms
[2023-09-20T14:43:53.051+0530][gc,start    ] GC(5) Pause Remark
[2023-09-20T14:43:53.054+0530][gc          ] GC(5) Pause Remark 145M->145M(1024M) 2.370ms
[2023-09-20T14:43:53.054+0530][gc,cpu      ] GC(5) User=0.02s Sys=0.01s Real=0.01s
[2023-09-20T14:43:53.054+0530][gc,marking  ] GC(5) Concurrent Mark 6.994ms
[2023-09-20T14:43:53.054+0530][gc,marking  ] GC(5) Concurrent Rebuild Remembered Sets
[2023-09-20T14:43:53.057+0530][gc,marking  ] GC(5) Concurrent Rebuild Remembered Sets 3.047ms
[2023-09-20T14:43:53.058+0530][gc,start    ] GC(5) Pause Cleanup
[2023-09-20T14:43:53.058+0530][gc          ] GC(5) Pause Cleanup 145M->145M(1024M) 0.277ms
[2023-09-20T14:43:53.058+0530][gc,cpu      ] GC(5) User=0.00s Sys=0.00s Real=0.00s
[2023-09-20T14:43:53.058+0530][gc,marking  ] GC(5) Concurrent Cleanup for Next Mark
[2023-09-20T14:43:53.061+0530][gc,marking  ] GC(5) Concurrent Cleanup for Next Mark 3.020ms
[2023-09-20T14:43:53.061+0530][gc          ] GC(5) Concurrent Mark Cycle 16.099ms
[2023-09-20T15:04:52.249+0530][gc,start    ] GC(6) Pause Young (Prepare Mixed) (G1 Evacuation Pause)
[2023-09-20T15:04:52.249+0530][gc,task     ] GC(6) Using 10 workers of 10 for evacuation
[2023-09-20T15:04:52.253+0530][gc,phases   ] GC(6)   Pre Evacuate Collection Set: 0.7ms
[2023-09-20T15:04:52.253+0530][gc,phases   ] GC(6)   Merge Heap Roots: 0.2ms
[2023-09-20T15:04:52.253+0530][gc,phases   ] GC(6)   Evacuate Collection Set: 2.3ms
[2023-09-20T15:04:52.253+0530][gc,phases   ] GC(6)   Post Evacuate Collection Set: 1.0ms
[2023-09-20T15:04:52.253+0530][gc,phases   ] GC(6)   Other: 0.2ms
[2023-09-20T15:04:52.253+0530][gc,heap     ] GC(6) Eden regions: 49->0(48)
[2023-09-20T15:04:52.253+0530][gc,heap     ] GC(6) Survivor regions: 2->3(7)
[2023-09-20T15:04:52.253+0530][gc,heap     ] GC(6) Old regions: 14->14
[2023-09-20T15:04:52.253+0530][gc,heap     ] GC(6) Archive regions: 2->2
[2023-09-20T15:04:52.253+0530][gc,heap     ] GC(6) Humongous regions: 147->129
[2023-09-20T15:04:52.253+0530][gc,metaspace] GC(6) Metaspace: 39093K(39552K)->39093K(39552K) NonClass: 34508K(34752K)->34508K(34752K) Class: 4585K(4800K)->4585K(4800K)
[2023-09-20T15:04:52.253+0530][gc          ] GC(6) Pause Young (Prepare Mixed) (G1 Evacuation Pause) 211M->145M(1024M) 4.436ms
[2023-09-20T15:04:52.253+0530][gc,cpu      ] GC(6) User=0.01s Sys=0.01s Real=0.01s
[2023-09-20T15:38:00.199+0530][gc,start    ] GC(7) Pause Young (Mixed) (G1 Evacuation Pause)
[2023-09-20T15:38:00.199+0530][gc,task     ] GC(7) Using 10 workers of 10 for evacuation
[2023-09-20T15:38:00.210+0530][gc,phases   ] GC(7)   Pre Evacuate Collection Set: 0.3ms
[2023-09-20T15:38:00.210+0530][gc,phases   ] GC(7)   Merge Heap Roots: 0.3ms
[2023-09-20T15:38:00.210+0530][gc,phases   ] GC(7)   Evacuate Collection Set: 8.7ms
[2023-09-20T15:38:00.210+0530][gc,phases   ] GC(7)   Post Evacuate Collection Set: 1.6ms
[2023-09-20T15:38:00.210+0530][gc,phases   ] GC(7)   Other: 0.2ms
[2023-09-20T15:38:00.210+0530][gc,heap     ] GC(7) Eden regions: 48->0(48)
[2023-09-20T15:38:00.210+0530][gc,heap     ] GC(7) Survivor regions: 3->3(7)
[2023-09-20T15:38:00.210+0530][gc,heap     ] GC(7) Old regions: 14->14
[2023-09-20T15:38:00.210+0530][gc,heap     ] GC(7) Archive regions: 2->2
[2023-09-20T15:38:00.210+0530][gc,heap     ] GC(7) Humongous regions: 129->129
[2023-09-20T15:38:00.210+0530][gc,metaspace] GC(7) Metaspace: 39647K(40192K)->39647K(40192K) NonClass: 35003K(35328K)->35003K(35328K) Class: 4643K(4864K)->4643K(4864K)
[2023-09-20T15:38:00.210+0530][gc          ] GC(7) Pause Young (Mixed) (G1 Evacuation Pause) 193M->145M(1024M) 11.139ms
[2023-09-20T15:38:00.210+0530][gc,cpu      ] GC(7) User=0.08s Sys=0.00s Real=0.01s
[2023-09-20T15:38:00.571+0530][gc,heap,exit] Heap
[2023-09-20T15:38:00.571+0530][gc,heap,exit]  garbage-first heap   total 1048576K, used 156101K [0x00000000c0000000, 0x0000000100000000)
[2023-09-20T15:38:00.571+0530][gc,heap,exit]   region size 1024K, 10 young (10240K), 3 survivors (3072K)
[2023-09-20T15:38:00.571+0530][gc,heap,exit]  Metaspace       used 40016K, committed 40448K, reserved 1114112K
[2023-09-20T15:38:00.571+0530][gc,heap,exit]   class space    used 4733K, committed 4928K, reserved 1048576K
