[2023-09-20T15:51:05.998+0530][gc] Using G1
[2023-09-20T15:51:06.002+0530][gc,init] Version: 17.0.8.1+1-Ubuntu-0ubuntu120.04 (release)
[2023-09-20T15:51:06.003+0530][gc,init] CPUs: 12 total, 12 available
[2023-09-20T15:51:06.003+0530][gc,init] Memory: 7651M
[2023-09-20T15:51:06.003+0530][gc,init] Large Page Support: Disabled
[2023-09-20T15:51:06.003+0530][gc,init] NUMA Support: Disabled
[2023-09-20T15:51:06.003+0530][gc,init] Compressed Oops: Enabled (32-bit)
[2023-09-20T15:51:06.003+0530][gc,init] Heap Region Size: 1M
[2023-09-20T15:51:06.003+0530][gc,init] Heap Min Capacity: 1G
[2023-09-20T15:51:06.003+0530][gc,init] Heap Initial Capacity: 1G
[2023-09-20T15:51:06.003+0530][gc,init] Heap Max Capacity: 1G
[2023-09-20T15:51:06.003+0530][gc,init] Pre-touch: Disabled
[2023-09-20T15:51:06.003+0530][gc,init] Parallel Workers: 10
[2023-09-20T15:51:06.003+0530][gc,init] Concurrent Workers: 3
[2023-09-20T15:51:06.003+0530][gc,init] Concurrent Refinement Workers: 10
[2023-09-20T15:51:06.003+0530][gc,init] Periodic GC: Disabled
[2023-09-20T15:51:06.009+0530][gc,metaspace] CDS archive(s) mapped at: [0x00007fe7e7000000-0x00007fe7e7beb000-0x00007fe7e7beb000), size 12496896, SharedBaseAddress: 0x00007fe7e7000000, ArchiveRelocationMode: 1.
[2023-09-20T15:51:06.009+0530][gc,metaspace] Compressed class space mapped at: 0x00007fe7e8000000-0x00007fe828000000, reserved size: 1073741824
[2023-09-20T15:51:06.009+0530][gc,metaspace] Narrow klass base: 0x00007fe7e7000000, Narrow klass shift: 0, Narrow klass range: 0x100000000
[2023-09-20T15:51:07.094+0530][gc,start    ] GC(0) Pause Young (Normal) (G1 Evacuation Pause)
[2023-09-20T15:51:07.095+0530][gc,task     ] GC(0) Using 10 workers of 10 for evacuation
[2023-09-20T15:51:07.110+0530][gc,phases   ] GC(0)   Pre Evacuate Collection Set: 0.2ms
[2023-09-20T15:51:07.110+0530][gc,phases   ] GC(0)   Merge Heap Roots: 0.3ms
[2023-09-20T15:51:07.110+0530][gc,phases   ] GC(0)   Evacuate Collection Set: 13.2ms
[2023-09-20T15:51:07.110+0530][gc,phases   ] GC(0)   Post Evacuate Collection Set: 1.1ms
[2023-09-20T15:51:07.110+0530][gc,phases   ] GC(0)   Other: 1.6ms
[2023-09-20T15:51:07.110+0530][gc,heap     ] GC(0) Eden regions: 51->0(44)
[2023-09-20T15:51:07.110+0530][gc,heap     ] GC(0) Survivor regions: 0->7(7)
[2023-09-20T15:51:07.110+0530][gc,heap     ] GC(0) Old regions: 0->1
[2023-09-20T15:51:07.110+0530][gc,heap     ] GC(0) Archive regions: 2->2
[2023-09-20T15:51:07.110+0530][gc,heap     ] GC(0) Humongous regions: 0->0
[2023-09-20T15:51:07.110+0530][gc,metaspace] GC(0) Metaspace: 18824K(19072K)->18824K(19072K) NonClass: 16571K(16704K)->16571K(16704K) Class: 2253K(2368K)->2253K(2368K)
[2023-09-20T15:51:07.110+0530][gc          ] GC(0) Pause Young (Normal) (G1 Evacuation Pause) 51M->8M(1024M) 16.425ms
[2023-09-20T15:51:07.110+0530][gc,cpu      ] GC(0) User=0.03s Sys=0.10s Real=0.01s
[2023-09-20T15:51:07.272+0530][gc,start    ] GC(1) Pause Young (Concurrent Start) (Metadata GC Threshold)
[2023-09-20T15:51:07.272+0530][gc,task     ] GC(1) Using 10 workers of 10 for evacuation
[2023-09-20T15:51:07.284+0530][gc,phases   ] GC(1)   Pre Evacuate Collection Set: 0.2ms
[2023-09-20T15:51:07.284+0530][gc,phases   ] GC(1)   Merge Heap Roots: 0.4ms
[2023-09-20T15:51:07.284+0530][gc,phases   ] GC(1)   Evacuate Collection Set: 10.3ms
[2023-09-20T15:51:07.284+0530][gc,phases   ] GC(1)   Post Evacuate Collection Set: 0.7ms
[2023-09-20T15:51:07.284+0530][gc,phases   ] GC(1)   Other: 0.4ms
[2023-09-20T15:51:07.284+0530][gc,heap     ] GC(1) Eden regions: 9->0(49)
[2023-09-20T15:51:07.284+0530][gc,heap     ] GC(1) Survivor regions: 7->2(7)
[2023-09-20T15:51:07.284+0530][gc,heap     ] GC(1) Old regions: 1->8
[2023-09-20T15:51:07.284+0530][gc,heap     ] GC(1) Archive regions: 2->2
[2023-09-20T15:51:07.284+0530][gc,heap     ] GC(1) Humongous regions: 0->0
[2023-09-20T15:51:07.284+0530][gc,metaspace] GC(1) Metaspace: 21300K(21504K)->21300K(21504K) NonClass: 18733K(18816K)->18733K(18816K) Class: 2567K(2688K)->2567K(2688K)
[2023-09-20T15:51:07.284+0530][gc          ] GC(1) Pause Young (Concurrent Start) (Metadata GC Threshold) 16M->9M(1024M) 12.161ms
[2023-09-20T15:51:07.284+0530][gc,cpu      ] GC(1) User=0.04s Sys=0.06s Real=0.02s
[2023-09-20T15:51:07.284+0530][gc          ] GC(2) Concurrent Mark Cycle
[2023-09-20T15:51:07.284+0530][gc,marking  ] GC(2) Concurrent Clear Claimed Marks
[2023-09-20T15:51:07.284+0530][gc,marking  ] GC(2) Concurrent Clear Claimed Marks 0.020ms
[2023-09-20T15:51:07.284+0530][gc,marking  ] GC(2) Concurrent Scan Root Regions
[2023-09-20T15:51:07.286+0530][gc,marking  ] GC(2) Concurrent Scan Root Regions 1.786ms
[2023-09-20T15:51:07.286+0530][gc,marking  ] GC(2) Concurrent Mark
[2023-09-20T15:51:07.286+0530][gc,marking  ] GC(2) Concurrent Mark From Roots
[2023-09-20T15:51:07.286+0530][gc,task     ] GC(2) Using 3 workers of 3 for marking
[2023-09-20T15:51:07.287+0530][gc,marking  ] GC(2) Concurrent Mark From Roots 1.138ms
[2023-09-20T15:51:07.287+0530][gc,marking  ] GC(2) Concurrent Preclean
[2023-09-20T15:51:07.287+0530][gc,marking  ] GC(2) Concurrent Preclean 0.043ms
[2023-09-20T15:51:07.288+0530][gc,start    ] GC(2) Pause Remark
[2023-09-20T15:51:07.290+0530][gc          ] GC(2) Pause Remark 9M->9M(1024M) 2.097ms
[2023-09-20T15:51:07.290+0530][gc,cpu      ] GC(2) User=0.00s Sys=0.00s Real=0.00s
[2023-09-20T15:51:07.290+0530][gc,marking  ] GC(2) Concurrent Mark 3.884ms
[2023-09-20T15:51:07.290+0530][gc,marking  ] GC(2) Concurrent Rebuild Remembered Sets
[2023-09-20T15:51:07.291+0530][gc,marking  ] GC(2) Concurrent Rebuild Remembered Sets 1.173ms
[2023-09-20T15:51:07.292+0530][gc,start    ] GC(2) Pause Cleanup
[2023-09-20T15:51:07.292+0530][gc          ] GC(2) Pause Cleanup 9M->9M(1024M) 0.266ms
[2023-09-20T15:51:07.292+0530][gc,cpu      ] GC(2) User=0.00s Sys=0.00s Real=0.00s
[2023-09-20T15:51:07.292+0530][gc,marking  ] GC(2) Concurrent Cleanup for Next Mark
[2023-09-20T15:51:07.295+0530][gc,marking  ] GC(2) Concurrent Cleanup for Next Mark 3.301ms
[2023-09-20T15:51:07.295+0530][gc          ] GC(2) Concurrent Mark Cycle 11.103ms
[2023-09-20T15:51:08.298+0530][gc,start    ] GC(3) Pause Young (Normal) (G1 Evacuation Pause)
[2023-09-20T15:51:08.298+0530][gc,task     ] GC(3) Using 10 workers of 10 for evacuation
[2023-09-20T15:51:08.303+0530][gc,phases   ] GC(3)   Pre Evacuate Collection Set: 0.3ms
[2023-09-20T15:51:08.304+0530][gc,phases   ] GC(3)   Merge Heap Roots: 0.2ms
[2023-09-20T15:51:08.304+0530][gc,phases   ] GC(3)   Evacuate Collection Set: 3.6ms
[2023-09-20T15:51:08.304+0530][gc,phases   ] GC(3)   Post Evacuate Collection Set: 1.5ms
[2023-09-20T15:51:08.304+0530][gc,phases   ] GC(3)   Other: 0.2ms
[2023-09-20T15:51:08.304+0530][gc,heap     ] GC(3) Eden regions: 49->0(45)
[2023-09-20T15:51:08.304+0530][gc,heap     ] GC(3) Survivor regions: 2->6(7)
[2023-09-20T15:51:08.304+0530][gc,heap     ] GC(3) Old regions: 8->8
[2023-09-20T15:51:08.304+0530][gc,heap     ] GC(3) Archive regions: 2->2
[2023-09-20T15:51:08.304+0530][gc,heap     ] GC(3) Humongous regions: 129->129
[2023-09-20T15:51:08.304+0530][gc,metaspace] GC(3) Metaspace: 30492K(30784K)->30492K(30784K) NonClass: 27032K(27200K)->27032K(27200K) Class: 3460K(3584K)->3460K(3584K)
[2023-09-20T15:51:08.304+0530][gc          ] GC(3) Pause Young (Normal) (G1 Evacuation Pause) 187M->143M(1024M) 5.973ms
[2023-09-20T15:51:08.304+0530][gc,cpu      ] GC(3) User=0.03s Sys=0.00s Real=0.01s
[2023-09-20T15:51:08.733+0530][gc,start    ] GC(4) Pause Young (Concurrent Start) (Metadata GC Threshold)
[2023-09-20T15:51:08.733+0530][gc,task     ] GC(4) Using 10 workers of 10 for evacuation
[2023-09-20T15:51:08.748+0530][gc,phases   ] GC(4)   Pre Evacuate Collection Set: 0.4ms
[2023-09-20T15:51:08.748+0530][gc,phases   ] GC(4)   Merge Heap Roots: 0.2ms
[2023-09-20T15:51:08.748+0530][gc,phases   ] GC(4)   Evacuate Collection Set: 12.5ms
[2023-09-20T15:51:08.748+0530][gc,phases   ] GC(4)   Post Evacuate Collection Set: 1.8ms
[2023-09-20T15:51:08.748+0530][gc,phases   ] GC(4)   Other: 0.5ms
[2023-09-20T15:51:08.748+0530][gc,heap     ] GC(4) Eden regions: 23->0(49)
[2023-09-20T15:51:08.748+0530][gc,heap     ] GC(4) Survivor regions: 6->2(7)
[2023-09-20T15:51:08.748+0530][gc,heap     ] GC(4) Old regions: 8->13
[2023-09-20T15:51:08.748+0530][gc,heap     ] GC(4) Archive regions: 2->2
[2023-09-20T15:51:08.748+0530][gc,heap     ] GC(4) Humongous regions: 129->129
[2023-09-20T15:51:08.748+0530][gc,metaspace] GC(4) Metaspace: 35701K(35968K)->35701K(35968K) NonClass: 31650K(31808K)->31650K(31808K) Class: 4051K(4160K)->4051K(4160K)
[2023-09-20T15:51:08.748+0530][gc          ] GC(4) Pause Young (Concurrent Start) (Metadata GC Threshold) 165M->144M(1024M) 15.491ms
[2023-09-20T15:51:08.748+0530][gc,cpu      ] GC(4) User=0.04s Sys=0.09s Real=0.01s
[2023-09-20T15:51:08.748+0530][gc          ] GC(5) Concurrent Mark Cycle
[2023-09-20T15:51:08.748+0530][gc,marking  ] GC(5) Concurrent Clear Claimed Marks
[2023-09-20T15:51:08.749+0530][gc,marking  ] GC(5) Concurrent Clear Claimed Marks 0.049ms
[2023-09-20T15:51:08.749+0530][gc,marking  ] GC(5) Concurrent Scan Root Regions
[2023-09-20T15:51:08.751+0530][gc,marking  ] GC(5) Concurrent Scan Root Regions 2.612ms
[2023-09-20T15:51:08.751+0530][gc,marking  ] GC(5) Concurrent Mark
[2023-09-20T15:51:08.751+0530][gc,marking  ] GC(5) Concurrent Mark From Roots
[2023-09-20T15:51:08.751+0530][gc,task     ] GC(5) Using 3 workers of 3 for marking
[2023-09-20T15:51:08.759+0530][gc,marking  ] GC(5) Concurrent Mark From Roots 7.317ms
[2023-09-20T15:51:08.759+0530][gc,marking  ] GC(5) Concurrent Preclean
[2023-09-20T15:51:08.759+0530][gc,marking  ] GC(5) Concurrent Preclean 0.122ms
[2023-09-20T15:51:08.759+0530][gc,start    ] GC(5) Pause Remark
[2023-09-20T15:51:08.763+0530][gc          ] GC(5) Pause Remark 145M->145M(1024M) 3.349ms
[2023-09-20T15:51:08.763+0530][gc,cpu      ] GC(5) User=0.02s Sys=0.02s Real=0.01s
[2023-09-20T15:51:08.763+0530][gc,marking  ] GC(5) Concurrent Mark 11.660ms
[2023-09-20T15:51:08.763+0530][gc,marking  ] GC(5) Concurrent Rebuild Remembered Sets
[2023-09-20T15:51:08.767+0530][gc,marking  ] GC(5) Concurrent Rebuild Remembered Sets 4.250ms
[2023-09-20T15:51:08.768+0530][gc,start    ] GC(5) Pause Cleanup
[2023-09-20T15:51:08.768+0530][gc          ] GC(5) Pause Cleanup 145M->145M(1024M) 0.528ms
[2023-09-20T15:51:08.768+0530][gc,cpu      ] GC(5) User=0.00s Sys=0.00s Real=0.00s
[2023-09-20T15:51:08.769+0530][gc,marking  ] GC(5) Concurrent Cleanup for Next Mark
[2023-09-20T15:51:08.778+0530][gc,marking  ] GC(5) Concurrent Cleanup for Next Mark 9.673ms
[2023-09-20T15:51:08.778+0530][gc          ] GC(5) Concurrent Mark Cycle 29.964ms
[2023-09-20T16:05:35.944+0530][gc,start    ] GC(6) Pause Young (Prepare Mixed) (G1 Evacuation Pause)
[2023-09-20T16:05:35.944+0530][gc,task     ] GC(6) Using 10 workers of 10 for evacuation
[2023-09-20T16:05:35.948+0530][gc,phases   ] GC(6)   Pre Evacuate Collection Set: 0.3ms
[2023-09-20T16:05:35.948+0530][gc,phases   ] GC(6)   Merge Heap Roots: 0.2ms
[2023-09-20T16:05:35.948+0530][gc,phases   ] GC(6)   Evacuate Collection Set: 2.8ms
[2023-09-20T16:05:35.948+0530][gc,phases   ] GC(6)   Post Evacuate Collection Set: 1.0ms
[2023-09-20T16:05:35.948+0530][gc,phases   ] GC(6)   Other: 0.1ms
[2023-09-20T16:05:35.948+0530][gc,heap     ] GC(6) Eden regions: 49->0(47)
[2023-09-20T16:05:35.948+0530][gc,heap     ] GC(6) Survivor regions: 2->4(7)
[2023-09-20T16:05:35.948+0530][gc,heap     ] GC(6) Old regions: 13->13
[2023-09-20T16:05:35.948+0530][gc,heap     ] GC(6) Archive regions: 2->2
[2023-09-20T16:05:35.948+0530][gc,heap     ] GC(6) Humongous regions: 147->129
[2023-09-20T16:05:35.948+0530][gc,metaspace] GC(6) Metaspace: 40033K(40512K)->40033K(40512K) NonClass: 35207K(35520K)->35207K(35520K) Class: 4826K(4992K)->4826K(4992K)
[2023-09-20T16:05:35.948+0530][gc          ] GC(6) Pause Young (Prepare Mixed) (G1 Evacuation Pause) 211M->146M(1024M) 4.513ms
[2023-09-20T16:05:35.949+0530][gc,cpu      ] GC(6) User=0.02s Sys=0.01s Real=0.00s
[2023-09-20T16:15:56.622+0530][gc,start    ] GC(7) Pause Young (Mixed) (G1 Evacuation Pause)
[2023-09-20T16:15:56.622+0530][gc,task     ] GC(7) Using 10 workers of 10 for evacuation
[2023-09-20T16:15:56.629+0530][gc,phases   ] GC(7)   Pre Evacuate Collection Set: 0.2ms
[2023-09-20T16:15:56.629+0530][gc,phases   ] GC(7)   Merge Heap Roots: 0.3ms
[2023-09-20T16:15:56.629+0530][gc,phases   ] GC(7)   Evacuate Collection Set: 5.6ms
[2023-09-20T16:15:56.629+0530][gc,phases   ] GC(7)   Post Evacuate Collection Set: 1.3ms
[2023-09-20T16:15:56.629+0530][gc,phases   ] GC(7)   Other: 0.1ms
[2023-09-20T16:15:56.629+0530][gc,heap     ] GC(7) Eden regions: 47->0(45)
[2023-09-20T16:15:56.629+0530][gc,heap     ] GC(7) Survivor regions: 4->6(7)
[2023-09-20T16:15:56.629+0530][gc,heap     ] GC(7) Old regions: 13->13
[2023-09-20T16:15:56.629+0530][gc,heap     ] GC(7) Archive regions: 2->2
[2023-09-20T16:15:56.629+0530][gc,heap     ] GC(7) Humongous regions: 129->129
[2023-09-20T16:15:56.629+0530][gc,metaspace] GC(7) Metaspace: 42265K(42944K)->42265K(42944K) NonClass: 37132K(37504K)->37132K(37504K) Class: 5132K(5440K)->5132K(5440K)
[2023-09-20T16:15:56.630+0530][gc          ] GC(7) Pause Young (Mixed) (G1 Evacuation Pause) 193M->148M(1024M) 7.610ms
[2023-09-20T16:15:56.630+0530][gc,cpu      ] GC(7) User=0.04s Sys=0.01s Real=0.01s
[2023-09-20T16:27:53.089+0530][gc,start    ] GC(8) Pause Young (Normal) (G1 Evacuation Pause)
[2023-09-20T16:27:53.089+0530][gc,task     ] GC(8) Using 10 workers of 10 for evacuation
[2023-09-20T16:27:53.094+0530][gc,phases   ] GC(8)   Pre Evacuate Collection Set: 0.4ms
[2023-09-20T16:27:53.094+0530][gc,phases   ] GC(8)   Merge Heap Roots: 0.2ms
[2023-09-20T16:27:53.094+0530][gc,phases   ] GC(8)   Evacuate Collection Set: 3.2ms
[2023-09-20T16:27:53.094+0530][gc,phases   ] GC(8)   Post Evacuate Collection Set: 1.0ms
[2023-09-20T16:27:53.094+0530][gc,phases   ] GC(8)   Other: 0.2ms
[2023-09-20T16:27:53.094+0530][gc,heap     ] GC(8) Eden regions: 45->0(47)
[2023-09-20T16:27:53.094+0530][gc,heap     ] GC(8) Survivor regions: 6->4(7)
[2023-09-20T16:27:53.094+0530][gc,heap     ] GC(8) Old regions: 13->16
[2023-09-20T16:27:53.094+0530][gc,heap     ] GC(8) Archive regions: 2->2
[2023-09-20T16:27:53.094+0530][gc,heap     ] GC(8) Humongous regions: 129->129
[2023-09-20T16:27:53.094+0530][gc,metaspace] GC(8) Metaspace: 42405K(43072K)->42405K(43072K) NonClass: 37270K(37632K)->37270K(37632K) Class: 5134K(5440K)->5134K(5440K)
[2023-09-20T16:27:53.094+0530][gc          ] GC(8) Pause Young (Normal) (G1 Evacuation Pause) 193M->149M(1024M) 5.099ms
[2023-09-20T16:27:53.094+0530][gc,cpu      ] GC(8) User=0.04s Sys=0.00s Real=0.01s
[2023-09-20T16:40:48.709+0530][gc,start    ] GC(9) Pause Young (Normal) (G1 Evacuation Pause)
[2023-09-20T16:40:48.709+0530][gc,task     ] GC(9) Using 10 workers of 10 for evacuation
[2023-09-20T16:40:48.714+0530][gc,phases   ] GC(9)   Pre Evacuate Collection Set: 0.4ms
[2023-09-20T16:40:48.714+0530][gc,phases   ] GC(9)   Merge Heap Roots: 0.2ms
[2023-09-20T16:40:48.714+0530][gc,phases   ] GC(9)   Evacuate Collection Set: 2.4ms
[2023-09-20T16:40:48.714+0530][gc,phases   ] GC(9)   Post Evacuate Collection Set: 1.7ms
[2023-09-20T16:40:48.714+0530][gc,phases   ] GC(9)   Other: 0.2ms
[2023-09-20T16:40:48.714+0530][gc,heap     ] GC(9) Eden regions: 47->0(71)
[2023-09-20T16:40:48.714+0530][gc,heap     ] GC(9) Survivor regions: 4->3(7)
[2023-09-20T16:40:48.714+0530][gc,heap     ] GC(9) Old regions: 16->16
[2023-09-20T16:40:48.714+0530][gc,heap     ] GC(9) Archive regions: 2->2
[2023-09-20T16:40:48.714+0530][gc,heap     ] GC(9) Humongous regions: 129->129
[2023-09-20T16:40:48.714+0530][gc,metaspace] GC(9) Metaspace: 42522K(43200K)->42522K(43200K) NonClass: 37387K(37760K)->37387K(37760K) Class: 5134K(5440K)->5134K(5440K)
[2023-09-20T16:40:48.714+0530][gc          ] GC(9) Pause Young (Normal) (G1 Evacuation Pause) 196M->148M(1024M) 4.900ms
[2023-09-20T16:40:48.714+0530][gc,cpu      ] GC(9) User=0.02s Sys=0.01s Real=0.01s
[2023-09-20T16:52:01.631+0530][gc,heap,exit] Heap
[2023-09-20T16:52:01.632+0530][gc,heap,exit]  garbage-first heap   total 1048576K, used 205227K [0x00000000c0000000, 0x0000000100000000)
[2023-09-20T16:52:01.632+0530][gc,heap,exit]   region size 1024K, 55 young (56320K), 3 survivors (3072K)
[2023-09-20T16:52:01.632+0530][gc,heap,exit]  Metaspace       used 43165K, committed 43840K, reserved 1114112K
[2023-09-20T16:52:01.632+0530][gc,heap,exit]   class space    used 5289K, committed 5568K, reserved 1048576K
