[2023-09-20T14:35:31.569+0530][gc] Using G1
[2023-09-20T14:35:31.574+0530][gc,init] Version: 17.0.8.1+1-Ubuntu-0ubuntu120.04 (release)
[2023-09-20T14:35:31.574+0530][gc,init] CPUs: 12 total, 12 available
[2023-09-20T14:35:31.574+0530][gc,init] Memory: 7651M
[2023-09-20T14:35:31.574+0530][gc,init] Large Page Support: Disabled
[2023-09-20T14:35:31.574+0530][gc,init] NUMA Support: Disabled
[2023-09-20T14:35:31.574+0530][gc,init] Compressed Oops: Enabled (32-bit)
[2023-09-20T14:35:31.574+0530][gc,init] Heap Region Size: 1M
[2023-09-20T14:35:31.574+0530][gc,init] Heap Min Capacity: 1G
[2023-09-20T14:35:31.574+0530][gc,init] Heap Initial Capacity: 1G
[2023-09-20T14:35:31.574+0530][gc,init] Heap Max Capacity: 1G
[2023-09-20T14:35:31.574+0530][gc,init] Pre-touch: Disabled
[2023-09-20T14:35:31.574+0530][gc,init] Parallel Workers: 10
[2023-09-20T14:35:31.574+0530][gc,init] Concurrent Workers: 3
[2023-09-20T14:35:31.574+0530][gc,init] Concurrent Refinement Workers: 10
[2023-09-20T14:35:31.574+0530][gc,init] Periodic GC: Disabled
[2023-09-20T14:35:31.579+0530][gc,metaspace] CDS archive(s) mapped at: [0x00007f7913000000-0x00007f7913beb000-0x00007f7913beb000), size 12496896, SharedBaseAddress: 0x00007f7913000000, ArchiveRelocationMode: 1.
[2023-09-20T14:35:31.579+0530][gc,metaspace] Compressed class space mapped at: 0x00007f7914000000-0x00007f7954000000, reserved size: 1073741824
[2023-09-20T14:35:31.579+0530][gc,metaspace] Narrow klass base: 0x00007f7913000000, Narrow klass shift: 0, Narrow klass range: 0x100000000
[2023-09-20T14:35:32.623+0530][gc,start    ] GC(0) Pause Young (Normal) (G1 Evacuation Pause)
[2023-09-20T14:35:32.625+0530][gc,task     ] GC(0) Using 10 workers of 10 for evacuation
[2023-09-20T14:35:32.638+0530][gc,phases   ] GC(0)   Pre Evacuate Collection Set: 0.3ms
[2023-09-20T14:35:32.638+0530][gc,phases   ] GC(0)   Merge Heap Roots: 0.2ms
[2023-09-20T14:35:32.638+0530][gc,phases   ] GC(0)   Evacuate Collection Set: 11.6ms
[2023-09-20T14:35:32.638+0530][gc,phases   ] GC(0)   Post Evacuate Collection Set: 1.1ms
[2023-09-20T14:35:32.638+0530][gc,phases   ] GC(0)   Other: 1.6ms
[2023-09-20T14:35:32.638+0530][gc,heap     ] GC(0) Eden regions: 51->0(44)
[2023-09-20T14:35:32.638+0530][gc,heap     ] GC(0) Survivor regions: 0->7(7)
[2023-09-20T14:35:32.638+0530][gc,heap     ] GC(0) Old regions: 0->1
[2023-09-20T14:35:32.638+0530][gc,heap     ] GC(0) Archive regions: 2->2
[2023-09-20T14:35:32.638+0530][gc,heap     ] GC(0) Humongous regions: 0->0
[2023-09-20T14:35:32.638+0530][gc,metaspace] GC(0) Metaspace: 18854K(19072K)->18854K(19072K) NonClass: 16599K(16704K)->16599K(16704K) Class: 2254K(2368K)->2254K(2368K)
[2023-09-20T14:35:32.638+0530][gc          ] GC(0) Pause Young (Normal) (G1 Evacuation Pause) 51M->8M(1024M) 14.853ms
[2023-09-20T14:35:32.638+0530][gc,cpu      ] GC(0) User=0.01s Sys=0.10s Real=0.01s
[2023-09-20T14:35:32.821+0530][gc,start    ] GC(1) Pause Young (Concurrent Start) (Metadata GC Threshold)
[2023-09-20T14:35:32.821+0530][gc,task     ] GC(1) Using 10 workers of 10 for evacuation
[2023-09-20T14:35:32.833+0530][gc,phases   ] GC(1)   Pre Evacuate Collection Set: 0.3ms
[2023-09-20T14:35:32.833+0530][gc,phases   ] GC(1)   Merge Heap Roots: 0.2ms
[2023-09-20T14:35:32.833+0530][gc,phases   ] GC(1)   Evacuate Collection Set: 10.4ms
[2023-09-20T14:35:32.833+0530][gc,phases   ] GC(1)   Post Evacuate Collection Set: 0.8ms
[2023-09-20T14:35:32.833+0530][gc,phases   ] GC(1)   Other: 0.2ms
[2023-09-20T14:35:32.833+0530][gc,heap     ] GC(1) Eden regions: 9->0(50)
[2023-09-20T14:35:32.833+0530][gc,heap     ] GC(1) Survivor regions: 7->1(7)
[2023-09-20T14:35:32.833+0530][gc,heap     ] GC(1) Old regions: 1->8
[2023-09-20T14:35:32.833+0530][gc,heap     ] GC(1) Archive regions: 2->2
[2023-09-20T14:35:32.833+0530][gc,heap     ] GC(1) Humongous regions: 0->0
[2023-09-20T14:35:32.833+0530][gc,metaspace] GC(1) Metaspace: 21313K(21504K)->21313K(21504K) NonClass: 18746K(18816K)->18746K(18816K) Class: 2567K(2688K)->2567K(2688K)
[2023-09-20T14:35:32.833+0530][gc          ] GC(1) Pause Young (Concurrent Start) (Metadata GC Threshold) 17M->9M(1024M) 11.855ms
[2023-09-20T14:35:32.833+0530][gc,cpu      ] GC(1) User=0.07s Sys=0.03s Real=0.02s
[2023-09-20T14:35:32.833+0530][gc          ] GC(2) Concurrent Mark Cycle
[2023-09-20T14:35:32.833+0530][gc,marking  ] GC(2) Concurrent Clear Claimed Marks
[2023-09-20T14:35:32.833+0530][gc,marking  ] GC(2) Concurrent Clear Claimed Marks 0.036ms
[2023-09-20T14:35:32.833+0530][gc,marking  ] GC(2) Concurrent Scan Root Regions
[2023-09-20T14:35:32.835+0530][gc,marking  ] GC(2) Concurrent Scan Root Regions 1.661ms
[2023-09-20T14:35:32.835+0530][gc,marking  ] GC(2) Concurrent Mark
[2023-09-20T14:35:32.835+0530][gc,marking  ] GC(2) Concurrent Mark From Roots
[2023-09-20T14:35:32.835+0530][gc,task     ] GC(2) Using 3 workers of 3 for marking
[2023-09-20T14:35:32.837+0530][gc,marking  ] GC(2) Concurrent Mark From Roots 1.705ms
[2023-09-20T14:35:32.837+0530][gc,marking  ] GC(2) Concurrent Preclean
[2023-09-20T14:35:32.837+0530][gc,marking  ] GC(2) Concurrent Preclean 0.057ms
[2023-09-20T14:35:32.837+0530][gc,start    ] GC(2) Pause Remark
[2023-09-20T14:35:32.840+0530][gc          ] GC(2) Pause Remark 9M->9M(1024M) 2.130ms
[2023-09-20T14:35:32.840+0530][gc,cpu      ] GC(2) User=0.01s Sys=0.00s Real=0.00s
[2023-09-20T14:35:32.840+0530][gc,marking  ] GC(2) Concurrent Mark 4.456ms
[2023-09-20T14:35:32.840+0530][gc,marking  ] GC(2) Concurrent Rebuild Remembered Sets
[2023-09-20T14:35:32.841+0530][gc,marking  ] GC(2) Concurrent Rebuild Remembered Sets 1.467ms
[2023-09-20T14:35:32.842+0530][gc,start    ] GC(2) Pause Cleanup
[2023-09-20T14:35:32.842+0530][gc          ] GC(2) Pause Cleanup 9M->9M(1024M) 0.268ms
[2023-09-20T14:35:32.842+0530][gc,cpu      ] GC(2) User=0.00s Sys=0.00s Real=0.00s
[2023-09-20T14:35:32.842+0530][gc,marking  ] GC(2) Concurrent Cleanup for Next Mark
[2023-09-20T14:35:32.844+0530][gc,marking  ] GC(2) Concurrent Cleanup for Next Mark 2.336ms
[2023-09-20T14:35:32.844+0530][gc          ] GC(2) Concurrent Mark Cycle 11.041ms
[2023-09-20T14:35:33.794+0530][gc,start    ] GC(3) Pause Young (Normal) (G1 Evacuation Pause)
[2023-09-20T14:35:33.794+0530][gc,task     ] GC(3) Using 10 workers of 10 for evacuation
[2023-09-20T14:35:33.798+0530][gc,phases   ] GC(3)   Pre Evacuate Collection Set: 0.5ms
[2023-09-20T14:35:33.798+0530][gc,phases   ] GC(3)   Merge Heap Roots: 0.4ms
[2023-09-20T14:35:33.798+0530][gc,phases   ] GC(3)   Evacuate Collection Set: 2.5ms
[2023-09-20T14:35:33.798+0530][gc,phases   ] GC(3)   Post Evacuate Collection Set: 0.9ms
[2023-09-20T14:35:33.798+0530][gc,phases   ] GC(3)   Other: 0.1ms
[2023-09-20T14:35:33.798+0530][gc,heap     ] GC(3) Eden regions: 50->0(45)
[2023-09-20T14:35:33.798+0530][gc,heap     ] GC(3) Survivor regions: 1->6(7)
[2023-09-20T14:35:33.798+0530][gc,heap     ] GC(3) Old regions: 8->8
[2023-09-20T14:35:33.798+0530][gc,heap     ] GC(3) Archive regions: 2->2
[2023-09-20T14:35:33.798+0530][gc,heap     ] GC(3) Humongous regions: 129->129
[2023-09-20T14:35:33.798+0530][gc,metaspace] GC(3) Metaspace: 30933K(31168K)->30933K(31168K) NonClass: 27455K(27584K)->27455K(27584K) Class: 3477K(3584K)->3477K(3584K)
[2023-09-20T14:35:33.798+0530][gc          ] GC(3) Pause Young (Normal) (G1 Evacuation Pause) 188M->143M(1024M) 4.464ms
[2023-09-20T14:35:33.798+0530][gc,cpu      ] GC(3) User=0.02s Sys=0.01s Real=0.00s
[2023-09-20T14:35:34.118+0530][gc,start    ] GC(4) Pause Young (Concurrent Start) (Metadata GC Threshold)
[2023-09-20T14:35:34.118+0530][gc,task     ] GC(4) Using 10 workers of 10 for evacuation
[2023-09-20T14:35:34.132+0530][gc,phases   ] GC(4)   Pre Evacuate Collection Set: 0.3ms
[2023-09-20T14:35:34.132+0530][gc,phases   ] GC(4)   Merge Heap Roots: 0.5ms
[2023-09-20T14:35:34.132+0530][gc,phases   ] GC(4)   Evacuate Collection Set: 11.8ms
[2023-09-20T14:35:34.132+0530][gc,phases   ] GC(4)   Post Evacuate Collection Set: 1.1ms
[2023-09-20T14:35:34.132+0530][gc,phases   ] GC(4)   Other: 0.2ms
[2023-09-20T14:35:34.132+0530][gc,heap     ] GC(4) Eden regions: 22->0(49)
[2023-09-20T14:35:34.132+0530][gc,heap     ] GC(4) Survivor regions: 6->2(7)
[2023-09-20T14:35:34.132+0530][gc,heap     ] GC(4) Old regions: 8->14
[2023-09-20T14:35:34.132+0530][gc,heap     ] GC(4) Archive regions: 2->2
[2023-09-20T14:35:34.132+0530][gc,heap     ] GC(4) Humongous regions: 129->129
[2023-09-20T14:35:34.132+0530][gc,metaspace] GC(4) Metaspace: 35723K(35968K)->35723K(35968K) NonClass: 31671K(31808K)->31671K(31808K) Class: 4051K(4160K)->4051K(4160K)
[2023-09-20T14:35:34.132+0530][gc          ] GC(4) Pause Young (Concurrent Start) (Metadata GC Threshold) 164M->145M(1024M) 14.028ms
[2023-09-20T14:35:34.132+0530][gc,cpu      ] GC(4) User=0.06s Sys=0.06s Real=0.02s
[2023-09-20T14:35:34.132+0530][gc          ] GC(5) Concurrent Mark Cycle
[2023-09-20T14:35:34.132+0530][gc,marking  ] GC(5) Concurrent Clear Claimed Marks
[2023-09-20T14:35:34.132+0530][gc,marking  ] GC(5) Concurrent Clear Claimed Marks 0.038ms
[2023-09-20T14:35:34.132+0530][gc,marking  ] GC(5) Concurrent Scan Root Regions
[2023-09-20T14:35:34.134+0530][gc,marking  ] GC(5) Concurrent Scan Root Regions 1.836ms
[2023-09-20T14:35:34.134+0530][gc,marking  ] GC(5) Concurrent Mark
[2023-09-20T14:35:34.134+0530][gc,marking  ] GC(5) Concurrent Mark From Roots
[2023-09-20T14:35:34.134+0530][gc,task     ] GC(5) Using 3 workers of 3 for marking
[2023-09-20T14:35:34.139+0530][gc,marking  ] GC(5) Concurrent Mark From Roots 4.411ms
[2023-09-20T14:35:34.139+0530][gc,marking  ] GC(5) Concurrent Preclean
[2023-09-20T14:35:34.139+0530][gc,marking  ] GC(5) Concurrent Preclean 0.126ms
[2023-09-20T14:35:34.139+0530][gc,start    ] GC(5) Pause Remark
[2023-09-20T14:35:34.142+0530][gc          ] GC(5) Pause Remark 145M->145M(1024M) 2.344ms
[2023-09-20T14:35:34.142+0530][gc,cpu      ] GC(5) User=0.01s Sys=0.00s Real=0.00s
[2023-09-20T14:35:34.142+0530][gc,marking  ] GC(5) Concurrent Mark 7.470ms
[2023-09-20T14:35:34.142+0530][gc,marking  ] GC(5) Concurrent Rebuild Remembered Sets
[2023-09-20T14:35:34.145+0530][gc,marking  ] GC(5) Concurrent Rebuild Remembered Sets 2.806ms
[2023-09-20T14:35:34.145+0530][gc,start    ] GC(5) Pause Cleanup
[2023-09-20T14:35:34.145+0530][gc          ] GC(5) Pause Cleanup 145M->145M(1024M) 0.343ms
[2023-09-20T14:35:34.145+0530][gc,cpu      ] GC(5) User=0.01s Sys=0.00s Real=0.00s
[2023-09-20T14:35:34.145+0530][gc,marking  ] GC(5) Concurrent Cleanup for Next Mark
[2023-09-20T14:35:34.149+0530][gc,marking  ] GC(5) Concurrent Cleanup for Next Mark 3.953ms
[2023-09-20T14:35:34.150+0530][gc          ] GC(5) Concurrent Mark Cycle 17.200ms
[2023-09-20T14:37:05.656+0530][gc,heap,exit] Heap
[2023-09-20T14:37:05.656+0530][gc,heap,exit]  garbage-first heap   total 1048576K, used 195345K [0x00000000c0000000, 0x0000000100000000)
[2023-09-20T14:37:05.656+0530][gc,heap,exit]   region size 1024K, 30 young (30720K), 2 survivors (2048K)
[2023-09-20T14:37:05.656+0530][gc,heap,exit]  Metaspace       used 38638K, committed 39040K, reserved 1114112K
[2023-09-20T14:37:05.656+0530][gc,heap,exit]   class space    used 4585K, committed 4736K, reserved 1048576K
