[2023-09-20T15:38:21.219+0530][gc] Using G1
[2023-09-20T15:38:21.224+0530][gc,init] Version: 17.0.8.1+1-Ubuntu-0ubuntu120.04 (release)
[2023-09-20T15:38:21.224+0530][gc,init] CPUs: 12 total, 12 available
[2023-09-20T15:38:21.224+0530][gc,init] Memory: 7651M
[2023-09-20T15:38:21.224+0530][gc,init] Large Page Support: Disabled
[2023-09-20T15:38:21.224+0530][gc,init] NUMA Support: Disabled
[2023-09-20T15:38:21.224+0530][gc,init] Compressed Oops: Enabled (32-bit)
[2023-09-20T15:38:21.224+0530][gc,init] Heap Region Size: 1M
[2023-09-20T15:38:21.224+0530][gc,init] Heap Min Capacity: 1G
[2023-09-20T15:38:21.224+0530][gc,init] Heap Initial Capacity: 1G
[2023-09-20T15:38:21.224+0530][gc,init] Heap Max Capacity: 1G
[2023-09-20T15:38:21.224+0530][gc,init] Pre-touch: Disabled
[2023-09-20T15:38:21.224+0530][gc,init] Parallel Workers: 10
[2023-09-20T15:38:21.224+0530][gc,init] Concurrent Workers: 3
[2023-09-20T15:38:21.224+0530][gc,init] Concurrent Refinement Workers: 10
[2023-09-20T15:38:21.224+0530][gc,init] Periodic GC: Disabled
[2023-09-20T15:38:21.230+0530][gc,metaspace] CDS archive(s) mapped at: [0x00007fdc7b000000-0x00007fdc7bbeb000-0x00007fdc7bbeb000), size 12496896, SharedBaseAddress: 0x00007fdc7b000000, ArchiveRelocationMode: 1.
[2023-09-20T15:38:21.230+0530][gc,metaspace] Compressed class space mapped at: 0x00007fdc7c000000-0x00007fdcbc000000, reserved size: 1073741824
[2023-09-20T15:38:21.230+0530][gc,metaspace] Narrow klass base: 0x00007fdc7b000000, Narrow klass shift: 0, Narrow klass range: 0x100000000
[2023-09-20T15:38:22.433+0530][gc,start    ] GC(0) Pause Young (Normal) (G1 Evacuation Pause)
[2023-09-20T15:38:22.434+0530][gc,task     ] GC(0) Using 10 workers of 10 for evacuation
[2023-09-20T15:38:22.446+0530][gc,phases   ] GC(0)   Pre Evacuate Collection Set: 0.2ms
[2023-09-20T15:38:22.447+0530][gc,phases   ] GC(0)   Merge Heap Roots: 0.2ms
[2023-09-20T15:38:22.447+0530][gc,phases   ] GC(0)   Evacuate Collection Set: 11.1ms
[2023-09-20T15:38:22.447+0530][gc,phases   ] GC(0)   Post Evacuate Collection Set: 1.0ms
[2023-09-20T15:38:22.447+0530][gc,phases   ] GC(0)   Other: 1.5ms
[2023-09-20T15:38:22.447+0530][gc,heap     ] GC(0) Eden regions: 51->0(44)
[2023-09-20T15:38:22.447+0530][gc,heap     ] GC(0) Survivor regions: 0->7(7)
[2023-09-20T15:38:22.447+0530][gc,heap     ] GC(0) Old regions: 0->1
[2023-09-20T15:38:22.447+0530][gc,heap     ] GC(0) Archive regions: 2->2
[2023-09-20T15:38:22.447+0530][gc,heap     ] GC(0) Humongous regions: 0->0
[2023-09-20T15:38:22.447+0530][gc,metaspace] GC(0) Metaspace: 18826K(19072K)->18826K(19072K) NonClass: 16573K(16704K)->16573K(16704K) Class: 2253K(2368K)->2253K(2368K)
[2023-09-20T15:38:22.447+0530][gc          ] GC(0) Pause Young (Normal) (G1 Evacuation Pause) 51M->8M(1024M) 14.041ms
[2023-09-20T15:38:22.447+0530][gc,cpu      ] GC(0) User=0.03s Sys=0.07s Real=0.01s
[2023-09-20T15:38:22.614+0530][gc,start    ] GC(1) Pause Young (Concurrent Start) (Metadata GC Threshold)
[2023-09-20T15:38:22.615+0530][gc,task     ] GC(1) Using 10 workers of 10 for evacuation
[2023-09-20T15:38:22.635+0530][gc,mmu      ] GC(1) MMU target violated: 20.5ms (20.0ms/21.0ms)
[2023-09-20T15:38:22.635+0530][gc,phases   ] GC(1)   Pre Evacuate Collection Set: 0.4ms
[2023-09-20T15:38:22.635+0530][gc,phases   ] GC(1)   Merge Heap Roots: 0.2ms
[2023-09-20T15:38:22.635+0530][gc,phases   ] GC(1)   Evacuate Collection Set: 18.8ms
[2023-09-20T15:38:22.635+0530][gc,phases   ] GC(1)   Post Evacuate Collection Set: 0.9ms
[2023-09-20T15:38:22.635+0530][gc,phases   ] GC(1)   Other: 0.4ms
[2023-09-20T15:38:22.635+0530][gc,heap     ] GC(1) Eden regions: 9->0(49)
[2023-09-20T15:38:22.635+0530][gc,heap     ] GC(1) Survivor regions: 7->2(7)
[2023-09-20T15:38:22.635+0530][gc,heap     ] GC(1) Old regions: 1->8
[2023-09-20T15:38:22.635+0530][gc,heap     ] GC(1) Archive regions: 2->2
[2023-09-20T15:38:22.635+0530][gc,heap     ] GC(1) Humongous regions: 0->0
[2023-09-20T15:38:22.635+0530][gc,metaspace] GC(1) Metaspace: 21296K(21504K)->21296K(21504K) NonClass: 18729K(18816K)->18729K(18816K) Class: 2566K(2688K)->2566K(2688K)
[2023-09-20T15:38:22.635+0530][gc          ] GC(1) Pause Young (Concurrent Start) (Metadata GC Threshold) 16M->9M(1024M) 20.689ms
[2023-09-20T15:38:22.635+0530][gc,cpu      ] GC(1) User=0.08s Sys=0.03s Real=0.02s
[2023-09-20T15:38:22.635+0530][gc          ] GC(2) Concurrent Mark Cycle
[2023-09-20T15:38:22.635+0530][gc,marking  ] GC(2) Concurrent Clear Claimed Marks
[2023-09-20T15:38:22.635+0530][gc,marking  ] GC(2) Concurrent Clear Claimed Marks 0.093ms
[2023-09-20T15:38:22.635+0530][gc,marking  ] GC(2) Concurrent Scan Root Regions
[2023-09-20T15:38:22.637+0530][gc,marking  ] GC(2) Concurrent Scan Root Regions 1.902ms
[2023-09-20T15:38:22.637+0530][gc,marking  ] GC(2) Concurrent Mark
[2023-09-20T15:38:22.637+0530][gc,marking  ] GC(2) Concurrent Mark From Roots
[2023-09-20T15:38:22.637+0530][gc,task     ] GC(2) Using 3 workers of 3 for marking
[2023-09-20T15:38:22.639+0530][gc,marking  ] GC(2) Concurrent Mark From Roots 1.357ms
[2023-09-20T15:38:22.639+0530][gc,marking  ] GC(2) Concurrent Preclean
[2023-09-20T15:38:22.639+0530][gc,marking  ] GC(2) Concurrent Preclean 0.084ms
[2023-09-20T15:38:22.639+0530][gc,start    ] GC(2) Pause Remark
[2023-09-20T15:38:22.641+0530][gc          ] GC(2) Pause Remark 9M->9M(1024M) 2.184ms
[2023-09-20T15:38:22.641+0530][gc,cpu      ] GC(2) User=0.01s Sys=0.00s Real=0.00s
[2023-09-20T15:38:22.642+0530][gc,marking  ] GC(2) Concurrent Mark 4.257ms
[2023-09-20T15:38:22.642+0530][gc,marking  ] GC(2) Concurrent Rebuild Remembered Sets
[2023-09-20T15:38:22.643+0530][gc,marking  ] GC(2) Concurrent Rebuild Remembered Sets 1.724ms
[2023-09-20T15:38:22.644+0530][gc,start    ] GC(2) Pause Cleanup
[2023-09-20T15:38:22.644+0530][gc          ] GC(2) Pause Cleanup 9M->9M(1024M) 0.265ms
[2023-09-20T15:38:22.644+0530][gc,cpu      ] GC(2) User=0.00s Sys=0.00s Real=0.00s
[2023-09-20T15:38:22.644+0530][gc,marking  ] GC(2) Concurrent Cleanup for Next Mark
[2023-09-20T15:38:22.655+0530][gc,marking  ] GC(2) Concurrent Cleanup for Next Mark 10.998ms
[2023-09-20T15:38:22.655+0530][gc          ] GC(2) Concurrent Mark Cycle 19.893ms
[2023-09-20T15:38:23.618+0530][gc,start    ] GC(3) Pause Young (Normal) (G1 Evacuation Pause)
[2023-09-20T15:38:23.618+0530][gc,task     ] GC(3) Using 10 workers of 10 for evacuation
[2023-09-20T15:38:23.622+0530][gc,phases   ] GC(3)   Pre Evacuate Collection Set: 0.5ms
[2023-09-20T15:38:23.622+0530][gc,phases   ] GC(3)   Merge Heap Roots: 0.6ms
[2023-09-20T15:38:23.622+0530][gc,phases   ] GC(3)   Evacuate Collection Set: 2.5ms
[2023-09-20T15:38:23.622+0530][gc,phases   ] GC(3)   Post Evacuate Collection Set: 0.9ms
[2023-09-20T15:38:23.622+0530][gc,phases   ] GC(3)   Other: 0.2ms
[2023-09-20T15:38:23.622+0530][gc,heap     ] GC(3) Eden regions: 49->0(45)
[2023-09-20T15:38:23.622+0530][gc,heap     ] GC(3) Survivor regions: 2->6(7)
[2023-09-20T15:38:23.622+0530][gc,heap     ] GC(3) Old regions: 8->8
[2023-09-20T15:38:23.622+0530][gc,heap     ] GC(3) Archive regions: 2->2
[2023-09-20T15:38:23.622+0530][gc,heap     ] GC(3) Humongous regions: 129->129
[2023-09-20T15:38:23.622+0530][gc,metaspace] GC(3) Metaspace: 30482K(30720K)->30482K(30720K) NonClass: 27022K(27136K)->27022K(27136K) Class: 3460K(3584K)->3460K(3584K)
[2023-09-20T15:38:23.622+0530][gc          ] GC(3) Pause Young (Normal) (G1 Evacuation Pause) 187M->143M(1024M) 4.755ms
[2023-09-20T15:38:23.622+0530][gc,cpu      ] GC(3) User=0.01s Sys=0.01s Real=0.01s
[2023-09-20T15:38:23.965+0530][gc,start    ] GC(4) Pause Young (Concurrent Start) (Metadata GC Threshold)
[2023-09-20T15:38:23.965+0530][gc,task     ] GC(4) Using 10 workers of 10 for evacuation
[2023-09-20T15:38:23.983+0530][gc,phases   ] GC(4)   Pre Evacuate Collection Set: 0.4ms
[2023-09-20T15:38:23.983+0530][gc,phases   ] GC(4)   Merge Heap Roots: 0.4ms
[2023-09-20T15:38:23.983+0530][gc,phases   ] GC(4)   Evacuate Collection Set: 14.9ms
[2023-09-20T15:38:23.983+0530][gc,phases   ] GC(4)   Post Evacuate Collection Set: 1.4ms
[2023-09-20T15:38:23.983+0530][gc,phases   ] GC(4)   Other: 0.2ms
[2023-09-20T15:38:23.983+0530][gc,heap     ] GC(4) Eden regions: 23->0(49)
[2023-09-20T15:38:23.983+0530][gc,heap     ] GC(4) Survivor regions: 6->2(7)
[2023-09-20T15:38:23.983+0530][gc,heap     ] GC(4) Old regions: 8->13
[2023-09-20T15:38:23.983+0530][gc,heap     ] GC(4) Archive regions: 2->2
[2023-09-20T15:38:23.983+0530][gc,heap     ] GC(4) Humongous regions: 129->129
[2023-09-20T15:38:23.983+0530][gc,metaspace] GC(4) Metaspace: 35714K(35968K)->35714K(35968K) NonClass: 31662K(31808K)->31662K(31808K) Class: 4052K(4160K)->4052K(4160K)
[2023-09-20T15:38:23.983+0530][gc          ] GC(4) Pause Young (Concurrent Start) (Metadata GC Threshold) 165M->144M(1024M) 17.347ms
[2023-09-20T15:38:23.983+0530][gc,cpu      ] GC(4) User=0.05s Sys=0.06s Real=0.02s
[2023-09-20T15:38:23.983+0530][gc          ] GC(5) Concurrent Mark Cycle
[2023-09-20T15:38:23.983+0530][gc,marking  ] GC(5) Concurrent Clear Claimed Marks
[2023-09-20T15:38:23.983+0530][gc,marking  ] GC(5) Concurrent Clear Claimed Marks 0.030ms
[2023-09-20T15:38:23.983+0530][gc,marking  ] GC(5) Concurrent Scan Root Regions
[2023-09-20T15:38:23.985+0530][gc,marking  ] GC(5) Concurrent Scan Root Regions 1.914ms
[2023-09-20T15:38:23.985+0530][gc,marking  ] GC(5) Concurrent Mark
[2023-09-20T15:38:23.985+0530][gc,marking  ] GC(5) Concurrent Mark From Roots
[2023-09-20T15:38:23.985+0530][gc,task     ] GC(5) Using 3 workers of 3 for marking
[2023-09-20T15:38:23.988+0530][gc,marking  ] GC(5) Concurrent Mark From Roots 3.686ms
[2023-09-20T15:38:23.988+0530][gc,marking  ] GC(5) Concurrent Preclean
[2023-09-20T15:38:23.989+0530][gc,marking  ] GC(5) Concurrent Preclean 0.124ms
[2023-09-20T15:38:23.989+0530][gc,start    ] GC(5) Pause Remark
[2023-09-20T15:38:23.992+0530][gc          ] GC(5) Pause Remark 145M->145M(1024M) 2.648ms
[2023-09-20T15:38:23.992+0530][gc,cpu      ] GC(5) User=0.02s Sys=0.01s Real=0.00s
[2023-09-20T15:38:23.992+0530][gc,marking  ] GC(5) Concurrent Mark 7.598ms
[2023-09-20T15:38:23.992+0530][gc,marking  ] GC(5) Concurrent Rebuild Remembered Sets
[2023-09-20T15:38:23.995+0530][gc,marking  ] GC(5) Concurrent Rebuild Remembered Sets 3.062ms
[2023-09-20T15:38:23.996+0530][gc,start    ] GC(5) Pause Cleanup
[2023-09-20T15:38:23.996+0530][gc          ] GC(5) Pause Cleanup 145M->145M(1024M) 0.394ms
[2023-09-20T15:38:23.996+0530][gc,cpu      ] GC(5) User=0.00s Sys=0.00s Real=0.00s
[2023-09-20T15:38:23.996+0530][gc,marking  ] GC(5) Concurrent Cleanup for Next Mark
[2023-09-20T15:38:24.001+0530][gc,marking  ] GC(5) Concurrent Cleanup for Next Mark 4.990ms
[2023-09-20T15:38:24.001+0530][gc          ] GC(5) Concurrent Mark Cycle 18.799ms
[2023-09-20T15:51:03.223+0530][gc,heap,exit] Heap
[2023-09-20T15:51:03.223+0530][gc,heap,exit]  garbage-first heap   total 1048576K, used 215396K [0x00000000c0000000, 0x0000000100000000)
[2023-09-20T15:51:03.223+0530][gc,heap,exit]   region size 1024K, 50 young (51200K), 2 survivors (2048K)
[2023-09-20T15:51:03.223+0530][gc,heap,exit]  Metaspace       used 39687K, committed 40192K, reserved 1114112K
[2023-09-20T15:51:03.223+0530][gc,heap,exit]   class space    used 4783K, committed 4992K, reserved 1048576K
