[2023-10-02T10:16:36.220+0530][gc] Using G1
[2023-10-02T10:16:36.224+0530][gc,init] Version: 17.0.8.1+1-Ubuntu-0ubuntu120.04 (release)
[2023-10-02T10:16:36.224+0530][gc,init] CPUs: 12 total, 12 available
[2023-10-02T10:16:36.224+0530][gc,init] Memory: 7651M
[2023-10-02T10:16:36.224+0530][gc,init] Large Page Support: Disabled
[2023-10-02T10:16:36.224+0530][gc,init] NUMA Support: Disabled
[2023-10-02T10:16:36.224+0530][gc,init] Compressed Oops: Enabled (32-bit)
[2023-10-02T10:16:36.224+0530][gc,init] Heap Region Size: 1M
[2023-10-02T10:16:36.224+0530][gc,init] Heap Min Capacity: 1G
[2023-10-02T10:16:36.224+0530][gc,init] Heap Initial Capacity: 1G
[2023-10-02T10:16:36.224+0530][gc,init] Heap Max Capacity: 1G
[2023-10-02T10:16:36.224+0530][gc,init] Pre-touch: Disabled
[2023-10-02T10:16:36.224+0530][gc,init] Parallel Workers: 10
[2023-10-02T10:16:36.224+0530][gc,init] Concurrent Workers: 3
[2023-10-02T10:16:36.224+0530][gc,init] Concurrent Refinement Workers: 10
[2023-10-02T10:16:36.224+0530][gc,init] Periodic GC: Disabled
[2023-10-02T10:16:36.229+0530][gc,metaspace] CDS archive(s) mapped at: [0x00007f6197000000-0x00007f6197beb000-0x00007f6197beb000), size 12496896, SharedBaseAddress: 0x00007f6197000000, ArchiveRelocationMode: 1.
[2023-10-02T10:16:36.229+0530][gc,metaspace] Compressed class space mapped at: 0x00007f6198000000-0x00007f61d8000000, reserved size: 1073741824
[2023-10-02T10:16:36.229+0530][gc,metaspace] Narrow klass base: 0x00007f6197000000, Narrow klass shift: 0, Narrow klass range: 0x100000000
[2023-10-02T10:16:37.559+0530][gc,start    ] GC(0) Pause Young (Normal) (G1 Evacuation Pause)
[2023-10-02T10:16:37.561+0530][gc,task     ] GC(0) Using 10 workers of 10 for evacuation
[2023-10-02T10:16:37.574+0530][gc,phases   ] GC(0)   Pre Evacuate Collection Set: 0.3ms
[2023-10-02T10:16:37.574+0530][gc,phases   ] GC(0)   Merge Heap Roots: 0.2ms
[2023-10-02T10:16:37.574+0530][gc,phases   ] GC(0)   Evacuate Collection Set: 11.6ms
[2023-10-02T10:16:37.574+0530][gc,phases   ] GC(0)   Post Evacuate Collection Set: 0.8ms
[2023-10-02T10:16:37.574+0530][gc,phases   ] GC(0)   Other: 1.9ms
[2023-10-02T10:16:37.574+0530][gc,heap     ] GC(0) Eden regions: 51->0(44)
[2023-10-02T10:16:37.574+0530][gc,heap     ] GC(0) Survivor regions: 0->7(7)
[2023-10-02T10:16:37.574+0530][gc,heap     ] GC(0) Old regions: 0->1
[2023-10-02T10:16:37.574+0530][gc,heap     ] GC(0) Archive regions: 2->2
[2023-10-02T10:16:37.574+0530][gc,heap     ] GC(0) Humongous regions: 0->0
[2023-10-02T10:16:37.574+0530][gc,metaspace] GC(0) Metaspace: 18792K(19008K)->18792K(19008K) NonClass: 16548K(16640K)->16548K(16640K) Class: 2244K(2368K)->2244K(2368K)
[2023-10-02T10:16:37.574+0530][gc          ] GC(0) Pause Young (Normal) (G1 Evacuation Pause) 51M->8M(1024M) 14.820ms
[2023-10-02T10:16:37.574+0530][gc,cpu      ] GC(0) User=0.02s Sys=0.10s Real=0.01s
[2023-10-02T10:16:37.743+0530][gc,start    ] GC(1) Pause Young (Concurrent Start) (Metadata GC Threshold)
[2023-10-02T10:16:37.743+0530][gc,task     ] GC(1) Using 10 workers of 10 for evacuation
[2023-10-02T10:16:37.757+0530][gc,phases   ] GC(1)   Pre Evacuate Collection Set: 0.2ms
[2023-10-02T10:16:37.757+0530][gc,phases   ] GC(1)   Merge Heap Roots: 0.2ms
[2023-10-02T10:16:37.757+0530][gc,phases   ] GC(1)   Evacuate Collection Set: 12.9ms
[2023-10-02T10:16:37.757+0530][gc,phases   ] GC(1)   Post Evacuate Collection Set: 0.7ms
[2023-10-02T10:16:37.757+0530][gc,phases   ] GC(1)   Other: 0.2ms
[2023-10-02T10:16:37.757+0530][gc,heap     ] GC(1) Eden regions: 10->0(49)
[2023-10-02T10:16:37.757+0530][gc,heap     ] GC(1) Survivor regions: 7->2(7)
[2023-10-02T10:16:37.757+0530][gc,heap     ] GC(1) Old regions: 1->8
[2023-10-02T10:16:37.757+0530][gc,heap     ] GC(1) Archive regions: 2->2
[2023-10-02T10:16:37.757+0530][gc,heap     ] GC(1) Humongous regions: 0->0
[2023-10-02T10:16:37.757+0530][gc,metaspace] GC(1) Metaspace: 21291K(21504K)->21291K(21504K) NonClass: 18723K(18816K)->18723K(18816K) Class: 2567K(2688K)->2567K(2688K)
[2023-10-02T10:16:37.757+0530][gc          ] GC(1) Pause Young (Concurrent Start) (Metadata GC Threshold) 17M->9M(1024M) 14.240ms
[2023-10-02T10:16:37.757+0530][gc,cpu      ] GC(1) User=0.04s Sys=0.08s Real=0.01s
[2023-10-02T10:16:37.757+0530][gc          ] GC(2) Concurrent Mark Cycle
[2023-10-02T10:16:37.757+0530][gc,marking  ] GC(2) Concurrent Clear Claimed Marks
[2023-10-02T10:16:37.757+0530][gc,marking  ] GC(2) Concurrent Clear Claimed Marks 0.025ms
[2023-10-02T10:16:37.757+0530][gc,marking  ] GC(2) Concurrent Scan Root Regions
[2023-10-02T10:16:37.759+0530][gc,marking  ] GC(2) Concurrent Scan Root Regions 1.639ms
[2023-10-02T10:16:37.759+0530][gc,marking  ] GC(2) Concurrent Mark
[2023-10-02T10:16:37.759+0530][gc,marking  ] GC(2) Concurrent Mark From Roots
[2023-10-02T10:16:37.759+0530][gc,task     ] GC(2) Using 3 workers of 3 for marking
[2023-10-02T10:16:37.760+0530][gc,marking  ] GC(2) Concurrent Mark From Roots 1.303ms
[2023-10-02T10:16:37.760+0530][gc,marking  ] GC(2) Concurrent Preclean
[2023-10-02T10:16:37.760+0530][gc,marking  ] GC(2) Concurrent Preclean 0.049ms
[2023-10-02T10:16:37.760+0530][gc,start    ] GC(2) Pause Remark
[2023-10-02T10:16:37.762+0530][gc          ] GC(2) Pause Remark 9M->9M(1024M) 1.949ms
[2023-10-02T10:16:37.763+0530][gc,cpu      ] GC(2) User=0.00s Sys=0.00s Real=0.00s
[2023-10-02T10:16:37.763+0530][gc,marking  ] GC(2) Concurrent Mark 3.878ms
[2023-10-02T10:16:37.763+0530][gc,marking  ] GC(2) Concurrent Rebuild Remembered Sets
[2023-10-02T10:16:37.764+0530][gc,marking  ] GC(2) Concurrent Rebuild Remembered Sets 1.628ms
[2023-10-02T10:16:37.765+0530][gc,start    ] GC(2) Pause Cleanup
[2023-10-02T10:16:37.765+0530][gc          ] GC(2) Pause Cleanup 9M->9M(1024M) 0.240ms
[2023-10-02T10:16:37.765+0530][gc,cpu      ] GC(2) User=0.00s Sys=0.00s Real=0.00s
[2023-10-02T10:16:37.765+0530][gc,marking  ] GC(2) Concurrent Cleanup for Next Mark
[2023-10-02T10:16:37.768+0530][gc,marking  ] GC(2) Concurrent Cleanup for Next Mark 3.198ms
[2023-10-02T10:16:37.768+0530][gc          ] GC(2) Concurrent Mark Cycle 11.427ms
[2023-10-02T10:16:38.833+0530][gc,start    ] GC(3) Pause Young (Normal) (G1 Evacuation Pause)
[2023-10-02T10:16:38.833+0530][gc,task     ] GC(3) Using 10 workers of 10 for evacuation
[2023-10-02T10:16:38.838+0530][gc,phases   ] GC(3)   Pre Evacuate Collection Set: 0.2ms
[2023-10-02T10:16:38.838+0530][gc,phases   ] GC(3)   Merge Heap Roots: 0.3ms
[2023-10-02T10:16:38.838+0530][gc,phases   ] GC(3)   Evacuate Collection Set: 2.8ms
[2023-10-02T10:16:38.838+0530][gc,phases   ] GC(3)   Post Evacuate Collection Set: 1.4ms
[2023-10-02T10:16:38.838+0530][gc,phases   ] GC(3)   Other: 0.2ms
[2023-10-02T10:16:38.838+0530][gc,heap     ] GC(3) Eden regions: 49->0(45)
[2023-10-02T10:16:38.838+0530][gc,heap     ] GC(3) Survivor regions: 2->6(7)
[2023-10-02T10:16:38.838+0530][gc,heap     ] GC(3) Old regions: 8->8
[2023-10-02T10:16:38.838+0530][gc,heap     ] GC(3) Archive regions: 2->2
[2023-10-02T10:16:38.838+0530][gc,heap     ] GC(3) Humongous regions: 129->129
[2023-10-02T10:16:38.838+0530][gc,metaspace] GC(3) Metaspace: 30443K(30720K)->30443K(30720K) NonClass: 26985K(27136K)->26985K(27136K) Class: 3458K(3584K)->3458K(3584K)
[2023-10-02T10:16:38.838+0530][gc          ] GC(3) Pause Young (Normal) (G1 Evacuation Pause) 187M->142M(1024M) 5.196ms
[2023-10-02T10:16:38.838+0530][gc,cpu      ] GC(3) User=0.03s Sys=0.01s Real=0.01s
[2023-10-02T10:16:39.188+0530][gc,start    ] GC(4) Pause Young (Concurrent Start) (Metadata GC Threshold)
[2023-10-02T10:16:39.188+0530][gc,task     ] GC(4) Using 10 workers of 10 for evacuation
[2023-10-02T10:16:39.197+0530][gc,phases   ] GC(4)   Pre Evacuate Collection Set: 0.2ms
[2023-10-02T10:16:39.197+0530][gc,phases   ] GC(4)   Merge Heap Roots: 0.2ms
[2023-10-02T10:16:39.197+0530][gc,phases   ] GC(4)   Evacuate Collection Set: 7.8ms
[2023-10-02T10:16:39.197+0530][gc,phases   ] GC(4)   Post Evacuate Collection Set: 0.7ms
[2023-10-02T10:16:39.197+0530][gc,phases   ] GC(4)   Other: 0.2ms
[2023-10-02T10:16:39.197+0530][gc,heap     ] GC(4) Eden regions: 22->0(49)
[2023-10-02T10:16:39.197+0530][gc,heap     ] GC(4) Survivor regions: 6->2(7)
[2023-10-02T10:16:39.197+0530][gc,heap     ] GC(4) Old regions: 8->13
[2023-10-02T10:16:39.197+0530][gc,heap     ] GC(4) Archive regions: 2->2
[2023-10-02T10:16:39.197+0530][gc,heap     ] GC(4) Humongous regions: 129->129
[2023-10-02T10:16:39.197+0530][gc,metaspace] GC(4) Metaspace: 35699K(35968K)->35699K(35968K) NonClass: 31653K(31808K)->31653K(31808K) Class: 4046K(4160K)->4046K(4160K)
[2023-10-02T10:16:39.197+0530][gc          ] GC(4) Pause Young (Concurrent Start) (Metadata GC Threshold) 164M->144M(1024M) 9.197ms
[2023-10-02T10:16:39.197+0530][gc,cpu      ] GC(4) User=0.06s Sys=0.01s Real=0.00s
[2023-10-02T10:16:39.197+0530][gc          ] GC(5) Concurrent Mark Cycle
[2023-10-02T10:16:39.197+0530][gc,marking  ] GC(5) Concurrent Clear Claimed Marks
[2023-10-02T10:16:39.197+0530][gc,marking  ] GC(5) Concurrent Clear Claimed Marks 0.033ms
[2023-10-02T10:16:39.197+0530][gc,marking  ] GC(5) Concurrent Scan Root Regions
[2023-10-02T10:16:39.199+0530][gc,marking  ] GC(5) Concurrent Scan Root Regions 1.706ms
[2023-10-02T10:16:39.199+0530][gc,marking  ] GC(5) Concurrent Mark
[2023-10-02T10:16:39.199+0530][gc,marking  ] GC(5) Concurrent Mark From Roots
[2023-10-02T10:16:39.199+0530][gc,task     ] GC(5) Using 3 workers of 3 for marking
[2023-10-02T10:16:39.203+0530][gc,marking  ] GC(5) Concurrent Mark From Roots 3.649ms
[2023-10-02T10:16:39.203+0530][gc,marking  ] GC(5) Concurrent Preclean
[2023-10-02T10:16:39.203+0530][gc,marking  ] GC(5) Concurrent Preclean 0.117ms
[2023-10-02T10:16:39.203+0530][gc,start    ] GC(5) Pause Remark
[2023-10-02T10:16:39.205+0530][gc          ] GC(5) Pause Remark 145M->145M(1024M) 1.994ms
[2023-10-02T10:16:39.205+0530][gc,cpu      ] GC(5) User=0.01s Sys=0.00s Real=0.00s
[2023-10-02T10:16:39.206+0530][gc,marking  ] GC(5) Concurrent Mark 6.605ms
[2023-10-02T10:16:39.206+0530][gc,marking  ] GC(5) Concurrent Rebuild Remembered Sets
[2023-10-02T10:16:39.209+0530][gc,marking  ] GC(5) Concurrent Rebuild Remembered Sets 2.954ms
[2023-10-02T10:16:39.209+0530][gc,start    ] GC(5) Pause Cleanup
[2023-10-02T10:16:39.210+0530][gc          ] GC(5) Pause Cleanup 145M->145M(1024M) 0.295ms
[2023-10-02T10:16:39.210+0530][gc,cpu      ] GC(5) User=0.00s Sys=0.00s Real=0.00s
[2023-10-02T10:16:39.210+0530][gc,marking  ] GC(5) Concurrent Cleanup for Next Mark
[2023-10-02T10:16:39.214+0530][gc,marking  ] GC(5) Concurrent Cleanup for Next Mark 4.794ms
[2023-10-02T10:16:39.215+0530][gc          ] GC(5) Concurrent Mark Cycle 17.368ms
[2023-10-02T10:29:34.884+0530][gc,start    ] GC(6) Pause Young (Normal) (G1 Evacuation Pause)
[2023-10-02T10:29:34.884+0530][gc,task     ] GC(6) Using 10 workers of 10 for evacuation
[2023-10-02T10:29:34.888+0530][gc,phases   ] GC(6)   Pre Evacuate Collection Set: 0.3ms
[2023-10-02T10:29:34.888+0530][gc,phases   ] GC(6)   Merge Heap Roots: 0.2ms
[2023-10-02T10:29:34.888+0530][gc,phases   ] GC(6)   Evacuate Collection Set: 2.4ms
[2023-10-02T10:29:34.888+0530][gc,phases   ] GC(6)   Post Evacuate Collection Set: 1.0ms
[2023-10-02T10:29:34.888+0530][gc,phases   ] GC(6)   Other: 0.1ms
[2023-10-02T10:29:34.888+0530][gc,heap     ] GC(6) Eden regions: 49->0(47)
[2023-10-02T10:29:34.888+0530][gc,heap     ] GC(6) Survivor regions: 2->4(7)
[2023-10-02T10:29:34.888+0530][gc,heap     ] GC(6) Old regions: 13->13
[2023-10-02T10:29:34.888+0530][gc,heap     ] GC(6) Archive regions: 2->2
[2023-10-02T10:29:34.888+0530][gc,heap     ] GC(6) Humongous regions: 153->129
[2023-10-02T10:29:34.888+0530][gc,metaspace] GC(6) Metaspace: 40792K(41472K)->40792K(41472K) NonClass: 35868K(36224K)->35868K(36224K) Class: 4924K(5248K)->4924K(5248K)
[2023-10-02T10:29:34.888+0530][gc          ] GC(6) Pause Young (Normal) (G1 Evacuation Pause) 217M->146M(1024M) 4.172ms
[2023-10-02T10:29:34.888+0530][gc,cpu      ] GC(6) User=0.02s Sys=0.00s Real=0.00s
[2023-10-02T10:41:17.646+0530][gc,start    ] GC(7) Pause Young (Normal) (G1 Evacuation Pause)
[2023-10-02T10:41:17.646+0530][gc,task     ] GC(7) Using 10 workers of 10 for evacuation
[2023-10-02T10:41:17.651+0530][gc,phases   ] GC(7)   Pre Evacuate Collection Set: 0.5ms
[2023-10-02T10:41:17.651+0530][gc,phases   ] GC(7)   Merge Heap Roots: 0.2ms
[2023-10-02T10:41:17.651+0530][gc,phases   ] GC(7)   Evacuate Collection Set: 3.0ms
[2023-10-02T10:41:17.651+0530][gc,phases   ] GC(7)   Post Evacuate Collection Set: 0.8ms
[2023-10-02T10:41:17.651+0530][gc,phases   ] GC(7)   Other: 0.3ms
[2023-10-02T10:41:17.651+0530][gc,heap     ] GC(7) Eden regions: 47->0(46)
[2023-10-02T10:41:17.651+0530][gc,heap     ] GC(7) Survivor regions: 4->5(7)
[2023-10-02T10:41:17.651+0530][gc,heap     ] GC(7) Old regions: 13->15
[2023-10-02T10:41:17.651+0530][gc,heap     ] GC(7) Archive regions: 2->2
[2023-10-02T10:41:17.651+0530][gc,heap     ] GC(7) Humongous regions: 129->129
[2023-10-02T10:41:17.651+0530][gc,metaspace] GC(7) Metaspace: 41495K(42176K)->41495K(42176K) NonClass: 36563K(36928K)->36563K(36928K) Class: 4931K(5248K)->4931K(5248K)
[2023-10-02T10:41:17.651+0530][gc          ] GC(7) Pause Young (Normal) (G1 Evacuation Pause) 193M->148M(1024M) 4.976ms
[2023-10-02T10:41:17.651+0530][gc,cpu      ] GC(7) User=0.03s Sys=0.00s Real=0.01s
[2023-10-02T10:56:55.516+0530][gc,start    ] GC(8) Pause Young (Normal) (G1 Evacuation Pause)
[2023-10-02T10:56:55.516+0530][gc,task     ] GC(8) Using 10 workers of 10 for evacuation
[2023-10-02T10:56:55.523+0530][gc,phases   ] GC(8)   Pre Evacuate Collection Set: 0.4ms
[2023-10-02T10:56:55.523+0530][gc,phases   ] GC(8)   Merge Heap Roots: 0.3ms
[2023-10-02T10:56:55.523+0530][gc,phases   ] GC(8)   Evacuate Collection Set: 5.0ms
[2023-10-02T10:56:55.523+0530][gc,phases   ] GC(8)   Post Evacuate Collection Set: 1.1ms
[2023-10-02T10:56:55.523+0530][gc,phases   ] GC(8)   Other: 0.3ms
[2023-10-02T10:56:55.523+0530][gc,heap     ] GC(8) Eden regions: 46->0(48)
[2023-10-02T10:56:55.523+0530][gc,heap     ] GC(8) Survivor regions: 5->3(7)
[2023-10-02T10:56:55.523+0530][gc,heap     ] GC(8) Old regions: 15->17
[2023-10-02T10:56:55.523+0530][gc,heap     ] GC(8) Archive regions: 2->2
[2023-10-02T10:56:55.523+0530][gc,heap     ] GC(8) Humongous regions: 129->129
[2023-10-02T10:56:55.523+0530][gc,metaspace] GC(8) Metaspace: 41773K(42432K)->41773K(42432K) NonClass: 36818K(37184K)->36818K(37184K) Class: 4954K(5248K)->4954K(5248K)
[2023-10-02T10:56:55.523+0530][gc          ] GC(8) Pause Young (Normal) (G1 Evacuation Pause) 194M->149M(1024M) 7.309ms
[2023-10-02T10:56:55.523+0530][gc,cpu      ] GC(8) User=0.05s Sys=0.00s Real=0.01s
[2023-10-02T10:56:55.912+0530][gc,heap,exit] Heap
[2023-10-02T10:56:55.912+0530][gc,heap,exit]  garbage-first heap   total 1048576K, used 162849K [0x00000000c0000000, 0x0000000100000000)
[2023-10-02T10:56:55.912+0530][gc,heap,exit]   region size 1024K, 13 young (13312K), 3 survivors (3072K)
[2023-10-02T10:56:55.912+0530][gc,heap,exit]  Metaspace       used 42310K, committed 42944K, reserved 1114112K
[2023-10-02T10:56:55.912+0530][gc,heap,exit]   class space    used 5099K, committed 5376K, reserved 1048576K
