[2023-09-20T14:27:42.279+0530][gc] Using G1
[2023-09-20T14:27:42.284+0530][gc,init] Version: 17.0.8.1+1-Ubuntu-0ubuntu120.04 (release)
[2023-09-20T14:27:42.284+0530][gc,init] CPUs: 12 total, 12 available
[2023-09-20T14:27:42.284+0530][gc,init] Memory: 7651M
[2023-09-20T14:27:42.284+0530][gc,init] Large Page Support: Disabled
[2023-09-20T14:27:42.284+0530][gc,init] NUMA Support: Disabled
[2023-09-20T14:27:42.284+0530][gc,init] Compressed Oops: Enabled (32-bit)
[2023-09-20T14:27:42.284+0530][gc,init] Heap Region Size: 1M
[2023-09-20T14:27:42.284+0530][gc,init] Heap Min Capacity: 1G
[2023-09-20T14:27:42.284+0530][gc,init] Heap Initial Capacity: 1G
[2023-09-20T14:27:42.284+0530][gc,init] Heap Max Capacity: 1G
[2023-09-20T14:27:42.284+0530][gc,init] Pre-touch: Disabled
[2023-09-20T14:27:42.284+0530][gc,init] Parallel Workers: 10
[2023-09-20T14:27:42.284+0530][gc,init] Concurrent Workers: 3
[2023-09-20T14:27:42.284+0530][gc,init] Concurrent Refinement Workers: 10
[2023-09-20T14:27:42.284+0530][gc,init] Periodic GC: Disabled
[2023-09-20T14:27:42.291+0530][gc,metaspace] CDS archive(s) mapped at: [0x00007ff153000000-0x00007ff153beb000-0x00007ff153beb000), size 12496896, SharedBaseAddress: 0x00007ff153000000, ArchiveRelocationMode: 1.
[2023-09-20T14:27:42.291+0530][gc,metaspace] Compressed class space mapped at: 0x00007ff154000000-0x00007ff194000000, reserved size: 1073741824
[2023-09-20T14:27:42.291+0530][gc,metaspace] Narrow klass base: 0x00007ff153000000, Narrow klass shift: 0, Narrow klass range: 0x100000000
[2023-09-20T14:27:43.297+0530][gc,start    ] GC(0) Pause Young (Normal) (G1 Evacuation Pause)
[2023-09-20T14:27:43.299+0530][gc,task     ] GC(0) Using 10 workers of 10 for evacuation
[2023-09-20T14:27:43.311+0530][gc,phases   ] GC(0)   Pre Evacuate Collection Set: 0.2ms
[2023-09-20T14:27:43.311+0530][gc,phases   ] GC(0)   Merge Heap Roots: 0.2ms
[2023-09-20T14:27:43.311+0530][gc,phases   ] GC(0)   Evacuate Collection Set: 11.1ms
[2023-09-20T14:27:43.311+0530][gc,phases   ] GC(0)   Post Evacuate Collection Set: 1.0ms
[2023-09-20T14:27:43.311+0530][gc,phases   ] GC(0)   Other: 1.5ms
[2023-09-20T14:27:43.311+0530][gc,heap     ] GC(0) Eden regions: 51->0(44)
[2023-09-20T14:27:43.311+0530][gc,heap     ] GC(0) Survivor regions: 0->7(7)
[2023-09-20T14:27:43.311+0530][gc,heap     ] GC(0) Old regions: 0->1
[2023-09-20T14:27:43.311+0530][gc,heap     ] GC(0) Archive regions: 2->2
[2023-09-20T14:27:43.311+0530][gc,heap     ] GC(0) Humongous regions: 0->0
[2023-09-20T14:27:43.311+0530][gc,metaspace] GC(0) Metaspace: 18799K(19072K)->18799K(19072K) NonClass: 16555K(16704K)->16555K(16704K) Class: 2243K(2368K)->2243K(2368K)
[2023-09-20T14:27:43.311+0530][gc          ] GC(0) Pause Young (Normal) (G1 Evacuation Pause) 51M->8M(1024M) 14.022ms
[2023-09-20T14:27:43.311+0530][gc,cpu      ] GC(0) User=0.06s Sys=0.04s Real=0.01s
[2023-09-20T14:27:43.479+0530][gc,start    ] GC(1) Pause Young (Concurrent Start) (Metadata GC Threshold)
[2023-09-20T14:27:43.479+0530][gc,task     ] GC(1) Using 10 workers of 10 for evacuation
[2023-09-20T14:27:43.491+0530][gc,phases   ] GC(1)   Pre Evacuate Collection Set: 0.5ms
[2023-09-20T14:27:43.491+0530][gc,phases   ] GC(1)   Merge Heap Roots: 0.4ms
[2023-09-20T14:27:43.491+0530][gc,phases   ] GC(1)   Evacuate Collection Set: 10.1ms
[2023-09-20T14:27:43.491+0530][gc,phases   ] GC(1)   Post Evacuate Collection Set: 0.8ms
[2023-09-20T14:27:43.491+0530][gc,phases   ] GC(1)   Other: 0.3ms
[2023-09-20T14:27:43.491+0530][gc,heap     ] GC(1) Eden regions: 10->0(49)
[2023-09-20T14:27:43.491+0530][gc,heap     ] GC(1) Survivor regions: 7->2(7)
[2023-09-20T14:27:43.491+0530][gc,heap     ] GC(1) Old regions: 1->8
[2023-09-20T14:27:43.491+0530][gc,heap     ] GC(1) Archive regions: 2->2
[2023-09-20T14:27:43.491+0530][gc,heap     ] GC(1) Humongous regions: 0->0
[2023-09-20T14:27:43.491+0530][gc,metaspace] GC(1) Metaspace: 21314K(21504K)->21314K(21504K) NonClass: 18747K(18816K)->18747K(18816K) Class: 2566K(2688K)->2566K(2688K)
[2023-09-20T14:27:43.491+0530][gc          ] GC(1) Pause Young (Concurrent Start) (Metadata GC Threshold) 17M->9M(1024M) 12.290ms
[2023-09-20T14:27:43.491+0530][gc,cpu      ] GC(1) User=0.00s Sys=0.10s Real=0.01s
[2023-09-20T14:27:43.491+0530][gc          ] GC(2) Concurrent Mark Cycle
[2023-09-20T14:27:43.491+0530][gc,marking  ] GC(2) Concurrent Clear Claimed Marks
[2023-09-20T14:27:43.491+0530][gc,marking  ] GC(2) Concurrent Clear Claimed Marks 0.023ms
[2023-09-20T14:27:43.491+0530][gc,marking  ] GC(2) Concurrent Scan Root Regions
[2023-09-20T14:27:43.493+0530][gc,marking  ] GC(2) Concurrent Scan Root Regions 1.864ms
[2023-09-20T14:27:43.493+0530][gc,marking  ] GC(2) Concurrent Mark
[2023-09-20T14:27:43.493+0530][gc,marking  ] GC(2) Concurrent Mark From Roots
[2023-09-20T14:27:43.493+0530][gc,task     ] GC(2) Using 3 workers of 3 for marking
[2023-09-20T14:27:43.495+0530][gc,marking  ] GC(2) Concurrent Mark From Roots 1.584ms
[2023-09-20T14:27:43.495+0530][gc,marking  ] GC(2) Concurrent Preclean
[2023-09-20T14:27:43.495+0530][gc,marking  ] GC(2) Concurrent Preclean 0.053ms
[2023-09-20T14:27:43.495+0530][gc,start    ] GC(2) Pause Remark
[2023-09-20T14:27:43.497+0530][gc          ] GC(2) Pause Remark 9M->9M(1024M) 2.046ms
[2023-09-20T14:27:43.497+0530][gc,cpu      ] GC(2) User=0.00s Sys=0.00s Real=0.00s
[2023-09-20T14:27:43.497+0530][gc,marking  ] GC(2) Concurrent Mark 4.148ms
[2023-09-20T14:27:43.498+0530][gc,marking  ] GC(2) Concurrent Rebuild Remembered Sets
[2023-09-20T14:27:43.499+0530][gc,marking  ] GC(2) Concurrent Rebuild Remembered Sets 1.478ms
[2023-09-20T14:27:43.499+0530][gc,start    ] GC(2) Pause Cleanup
[2023-09-20T14:27:43.500+0530][gc          ] GC(2) Pause Cleanup 9M->9M(1024M) 0.266ms
[2023-09-20T14:27:43.500+0530][gc,cpu      ] GC(2) User=0.00s Sys=0.00s Real=0.00s
[2023-09-20T14:27:43.500+0530][gc,marking  ] GC(2) Concurrent Cleanup for Next Mark
[2023-09-20T14:27:43.504+0530][gc,marking  ] GC(2) Concurrent Cleanup for Next Mark 3.739ms
[2023-09-20T14:27:43.504+0530][gc          ] GC(2) Concurrent Mark Cycle 12.281ms
[2023-09-20T14:27:44.559+0530][gc,start    ] GC(3) Pause Young (Normal) (G1 Evacuation Pause)
[2023-09-20T14:27:44.559+0530][gc,task     ] GC(3) Using 10 workers of 10 for evacuation
[2023-09-20T14:27:44.563+0530][gc,phases   ] GC(3)   Pre Evacuate Collection Set: 0.4ms
[2023-09-20T14:27:44.563+0530][gc,phases   ] GC(3)   Merge Heap Roots: 0.4ms
[2023-09-20T14:27:44.563+0530][gc,phases   ] GC(3)   Evacuate Collection Set: 2.6ms
[2023-09-20T14:27:44.563+0530][gc,phases   ] GC(3)   Post Evacuate Collection Set: 1.0ms
[2023-09-20T14:27:44.563+0530][gc,phases   ] GC(3)   Other: 0.1ms
[2023-09-20T14:27:44.563+0530][gc,heap     ] GC(3) Eden regions: 49->0(45)
[2023-09-20T14:27:44.563+0530][gc,heap     ] GC(3) Survivor regions: 2->6(7)
[2023-09-20T14:27:44.563+0530][gc,heap     ] GC(3) Old regions: 8->8
[2023-09-20T14:27:44.563+0530][gc,heap     ] GC(3) Archive regions: 2->2
[2023-09-20T14:27:44.563+0530][gc,heap     ] GC(3) Humongous regions: 129->129
[2023-09-20T14:27:44.563+0530][gc,metaspace] GC(3) Metaspace: 30484K(30720K)->30484K(30720K) NonClass: 27021K(27136K)->27021K(27136K) Class: 3462K(3584K)->3462K(3584K)
[2023-09-20T14:27:44.563+0530][gc          ] GC(3) Pause Young (Normal) (G1 Evacuation Pause) 187M->142M(1024M) 4.527ms
[2023-09-20T14:27:44.563+0530][gc,cpu      ] GC(3) User=0.02s Sys=0.01s Real=0.01s
[2023-09-20T14:27:44.877+0530][gc,start    ] GC(4) Pause Young (Concurrent Start) (Metadata GC Threshold)
[2023-09-20T14:27:44.877+0530][gc,task     ] GC(4) Using 10 workers of 10 for evacuation
[2023-09-20T14:27:44.886+0530][gc,phases   ] GC(4)   Pre Evacuate Collection Set: 0.4ms
[2023-09-20T14:27:44.886+0530][gc,phases   ] GC(4)   Merge Heap Roots: 0.4ms
[2023-09-20T14:27:44.886+0530][gc,phases   ] GC(4)   Evacuate Collection Set: 7.8ms
[2023-09-20T14:27:44.886+0530][gc,phases   ] GC(4)   Post Evacuate Collection Set: 0.9ms
[2023-09-20T14:27:44.886+0530][gc,phases   ] GC(4)   Other: 0.2ms
[2023-09-20T14:27:44.887+0530][gc,heap     ] GC(4) Eden regions: 23->0(49)
[2023-09-20T14:27:44.887+0530][gc,heap     ] GC(4) Survivor regions: 6->2(7)
[2023-09-20T14:27:44.887+0530][gc,heap     ] GC(4) Old regions: 8->13
[2023-09-20T14:27:44.887+0530][gc,heap     ] GC(4) Archive regions: 2->2
[2023-09-20T14:27:44.887+0530][gc,heap     ] GC(4) Humongous regions: 129->129
[2023-09-20T14:27:44.887+0530][gc,metaspace] GC(4) Metaspace: 35713K(35968K)->35713K(35968K) NonClass: 31661K(31808K)->31661K(31808K) Class: 4052K(4160K)->4052K(4160K)
[2023-09-20T14:27:44.887+0530][gc          ] GC(4) Pause Young (Concurrent Start) (Metadata GC Threshold) 164M->144M(1024M) 9.720ms
[2023-09-20T14:27:44.887+0530][gc,cpu      ] GC(4) User=0.00s Sys=0.08s Real=0.01s
[2023-09-20T14:27:44.887+0530][gc          ] GC(5) Concurrent Mark Cycle
[2023-09-20T14:27:44.887+0530][gc,marking  ] GC(5) Concurrent Clear Claimed Marks
[2023-09-20T14:27:44.887+0530][gc,marking  ] GC(5) Concurrent Clear Claimed Marks 0.034ms
[2023-09-20T14:27:44.887+0530][gc,marking  ] GC(5) Concurrent Scan Root Regions
[2023-09-20T14:27:44.888+0530][gc,marking  ] GC(5) Concurrent Scan Root Regions 1.709ms
[2023-09-20T14:27:44.888+0530][gc,marking  ] GC(5) Concurrent Mark
[2023-09-20T14:27:44.888+0530][gc,marking  ] GC(5) Concurrent Mark From Roots
[2023-09-20T14:27:44.888+0530][gc,task     ] GC(5) Using 3 workers of 3 for marking
[2023-09-20T14:27:44.892+0530][gc,marking  ] GC(5) Concurrent Mark From Roots 3.112ms
[2023-09-20T14:27:44.892+0530][gc,marking  ] GC(5) Concurrent Preclean
[2023-09-20T14:27:44.892+0530][gc,marking  ] GC(5) Concurrent Preclean 0.115ms
[2023-09-20T14:27:44.892+0530][gc,start    ] GC(5) Pause Remark
[2023-09-20T14:27:44.895+0530][gc          ] GC(5) Pause Remark 144M->144M(1024M) 2.427ms
[2023-09-20T14:27:44.895+0530][gc,cpu      ] GC(5) User=0.01s Sys=0.00s Real=0.00s
[2023-09-20T14:27:44.895+0530][gc,marking  ] GC(5) Concurrent Mark 6.585ms
[2023-09-20T14:27:44.895+0530][gc,marking  ] GC(5) Concurrent Rebuild Remembered Sets
[2023-09-20T14:27:44.898+0530][gc,marking  ] GC(5) Concurrent Rebuild Remembered Sets 2.532ms
[2023-09-20T14:27:44.898+0530][gc,start    ] GC(5) Pause Cleanup
[2023-09-20T14:27:44.898+0530][gc          ] GC(5) Pause Cleanup 144M->144M(1024M) 0.305ms
[2023-09-20T14:27:44.898+0530][gc,cpu      ] GC(5) User=0.00s Sys=0.00s Real=0.00s
[2023-09-20T14:27:44.898+0530][gc,marking  ] GC(5) Concurrent Cleanup for Next Mark
[2023-09-20T14:27:44.902+0530][gc,marking  ] GC(5) Concurrent Cleanup for Next Mark 3.433ms
[2023-09-20T14:27:44.902+0530][gc          ] GC(5) Concurrent Mark Cycle 15.213ms
[2023-09-20T14:28:16.392+0530][gc,heap,exit] Heap
[2023-09-20T14:28:16.392+0530][gc,heap,exit]  garbage-first heap   total 1048576K, used 193390K [0x00000000c0000000, 0x0000000100000000)
[2023-09-20T14:28:16.392+0530][gc,heap,exit]   region size 1024K, 29 young (29696K), 2 survivors (2048K)
[2023-09-20T14:28:16.392+0530][gc,heap,exit]  Metaspace       used 38556K, committed 38976K, reserved 1114112K
[2023-09-20T14:28:16.392+0530][gc,heap,exit]   class space    used 4586K, committed 4736K, reserved 1048576K
