[2023-09-20T14:18:12.485+0530][gc] Using G1
[2023-09-20T14:18:12.490+0530][gc,init] Version: 17.0.8.1+1-Ubuntu-0ubuntu120.04 (release)
[2023-09-20T14:18:12.490+0530][gc,init] CPUs: 12 total, 12 available
[2023-09-20T14:18:12.490+0530][gc,init] Memory: 7651M
[2023-09-20T14:18:12.490+0530][gc,init] Large Page Support: Disabled
[2023-09-20T14:18:12.490+0530][gc,init] NUMA Support: Disabled
[2023-09-20T14:18:12.490+0530][gc,init] Compressed Oops: Enabled (32-bit)
[2023-09-20T14:18:12.490+0530][gc,init] Heap Region Size: 1M
[2023-09-20T14:18:12.490+0530][gc,init] Heap Min Capacity: 1G
[2023-09-20T14:18:12.490+0530][gc,init] Heap Initial Capacity: 1G
[2023-09-20T14:18:12.490+0530][gc,init] Heap Max Capacity: 1G
[2023-09-20T14:18:12.490+0530][gc,init] Pre-touch: Disabled
[2023-09-20T14:18:12.490+0530][gc,init] Parallel Workers: 10
[2023-09-20T14:18:12.490+0530][gc,init] Concurrent Workers: 3
[2023-09-20T14:18:12.490+0530][gc,init] Concurrent Refinement Workers: 10
[2023-09-20T14:18:12.490+0530][gc,init] Periodic GC: Disabled
[2023-09-20T14:18:12.496+0530][gc,metaspace] CDS archive(s) mapped at: [0x00007fe36b000000-0x00007fe36bbeb000-0x00007fe36bbeb000), size 12496896, SharedBaseAddress: 0x00007fe36b000000, ArchiveRelocationMode: 1.
[2023-09-20T14:18:12.496+0530][gc,metaspace] Compressed class space mapped at: 0x00007fe36c000000-0x00007fe3ac000000, reserved size: 1073741824
[2023-09-20T14:18:12.496+0530][gc,metaspace] Narrow klass base: 0x00007fe36b000000, Narrow klass shift: 0, Narrow klass range: 0x100000000
[2023-09-20T14:18:13.779+0530][gc,start    ] GC(0) Pause Young (Normal) (G1 Evacuation Pause)
[2023-09-20T14:18:13.781+0530][gc,task     ] GC(0) Using 10 workers of 10 for evacuation
[2023-09-20T14:18:13.799+0530][gc,phases   ] GC(0)   Pre Evacuate Collection Set: 0.2ms
[2023-09-20T14:18:13.799+0530][gc,phases   ] GC(0)   Merge Heap Roots: 0.2ms
[2023-09-20T14:18:13.799+0530][gc,phases   ] GC(0)   Evacuate Collection Set: 16.2ms
[2023-09-20T14:18:13.799+0530][gc,phases   ] GC(0)   Post Evacuate Collection Set: 1.7ms
[2023-09-20T14:18:13.799+0530][gc,phases   ] GC(0)   Other: 2.1ms
[2023-09-20T14:18:13.799+0530][gc,heap     ] GC(0) Eden regions: 51->0(44)
[2023-09-20T14:18:13.799+0530][gc,heap     ] GC(0) Survivor regions: 0->7(7)
[2023-09-20T14:18:13.799+0530][gc,heap     ] GC(0) Old regions: 0->1
[2023-09-20T14:18:13.799+0530][gc,heap     ] GC(0) Archive regions: 2->2
[2023-09-20T14:18:13.799+0530][gc,heap     ] GC(0) Humongous regions: 0->0
[2023-09-20T14:18:13.799+0530][gc,metaspace] GC(0) Metaspace: 18830K(19072K)->18830K(19072K) NonClass: 16576K(16704K)->16576K(16704K) Class: 2254K(2368K)->2254K(2368K)
[2023-09-20T14:18:13.800+0530][gc          ] GC(0) Pause Young (Normal) (G1 Evacuation Pause) 51M->8M(1024M) 20.522ms
[2023-09-20T14:18:13.800+0530][gc,cpu      ] GC(0) User=0.00s Sys=0.15s Real=0.02s
[2023-09-20T14:18:14.034+0530][gc,start    ] GC(1) Pause Young (Concurrent Start) (Metadata GC Threshold)
[2023-09-20T14:18:14.034+0530][gc,task     ] GC(1) Using 10 workers of 10 for evacuation
[2023-09-20T14:18:14.050+0530][gc,phases   ] GC(1)   Pre Evacuate Collection Set: 0.2ms
[2023-09-20T14:18:14.050+0530][gc,phases   ] GC(1)   Merge Heap Roots: 0.2ms
[2023-09-20T14:18:14.050+0530][gc,phases   ] GC(1)   Evacuate Collection Set: 14.8ms
[2023-09-20T14:18:14.050+0530][gc,phases   ] GC(1)   Post Evacuate Collection Set: 1.1ms
[2023-09-20T14:18:14.050+0530][gc,phases   ] GC(1)   Other: 0.2ms
[2023-09-20T14:18:14.050+0530][gc,heap     ] GC(1) Eden regions: 9->0(49)
[2023-09-20T14:18:14.050+0530][gc,heap     ] GC(1) Survivor regions: 7->2(7)
[2023-09-20T14:18:14.050+0530][gc,heap     ] GC(1) Old regions: 1->8
[2023-09-20T14:18:14.050+0530][gc,heap     ] GC(1) Archive regions: 2->2
[2023-09-20T14:18:14.050+0530][gc,heap     ] GC(1) Humongous regions: 0->0
[2023-09-20T14:18:14.050+0530][gc,metaspace] GC(1) Metaspace: 21295K(21504K)->21295K(21504K) NonClass: 18728K(18816K)->18728K(18816K) Class: 2566K(2688K)->2566K(2688K)
[2023-09-20T14:18:14.050+0530][gc          ] GC(1) Pause Young (Concurrent Start) (Metadata GC Threshold) 16M->9M(1024M) 16.680ms
[2023-09-20T14:18:14.050+0530][gc,cpu      ] GC(1) User=0.07s Sys=0.06s Real=0.01s
[2023-09-20T14:18:14.050+0530][gc          ] GC(2) Concurrent Mark Cycle
[2023-09-20T14:18:14.050+0530][gc,marking  ] GC(2) Concurrent Clear Claimed Marks
[2023-09-20T14:18:14.050+0530][gc,marking  ] GC(2) Concurrent Clear Claimed Marks 0.035ms
[2023-09-20T14:18:14.050+0530][gc,marking  ] GC(2) Concurrent Scan Root Regions
[2023-09-20T14:18:14.054+0530][gc,marking  ] GC(2) Concurrent Scan Root Regions 3.071ms
[2023-09-20T14:18:14.054+0530][gc,marking  ] GC(2) Concurrent Mark
[2023-09-20T14:18:14.054+0530][gc,marking  ] GC(2) Concurrent Mark From Roots
[2023-09-20T14:18:14.054+0530][gc,task     ] GC(2) Using 3 workers of 3 for marking
[2023-09-20T14:18:14.056+0530][gc,marking  ] GC(2) Concurrent Mark From Roots 1.866ms
[2023-09-20T14:18:14.056+0530][gc,marking  ] GC(2) Concurrent Preclean
[2023-09-20T14:18:14.056+0530][gc,marking  ] GC(2) Concurrent Preclean 0.116ms
[2023-09-20T14:18:14.056+0530][gc,start    ] GC(2) Pause Remark
[2023-09-20T14:18:14.059+0530][gc          ] GC(2) Pause Remark 9M->9M(1024M) 2.353ms
[2023-09-20T14:18:14.059+0530][gc,cpu      ] GC(2) User=0.01s Sys=0.00s Real=0.00s
[2023-09-20T14:18:14.059+0530][gc,marking  ] GC(2) Concurrent Mark 4.998ms
[2023-09-20T14:18:14.059+0530][gc,marking  ] GC(2) Concurrent Rebuild Remembered Sets
[2023-09-20T14:18:14.060+0530][gc,marking  ] GC(2) Concurrent Rebuild Remembered Sets 1.653ms
[2023-09-20T14:18:14.061+0530][gc,start    ] GC(2) Pause Cleanup
[2023-09-20T14:18:14.061+0530][gc          ] GC(2) Pause Cleanup 9M->9M(1024M) 0.417ms
[2023-09-20T14:18:14.061+0530][gc,cpu      ] GC(2) User=0.00s Sys=0.00s Real=0.00s
[2023-09-20T14:18:14.061+0530][gc,marking  ] GC(2) Concurrent Cleanup for Next Mark
[2023-09-20T14:18:14.068+0530][gc,marking  ] GC(2) Concurrent Cleanup for Next Mark 6.148ms
[2023-09-20T14:18:14.068+0530][gc          ] GC(2) Concurrent Mark Cycle 17.446ms
[2023-09-20T14:18:15.043+0530][gc,start    ] GC(3) Pause Young (Normal) (G1 Evacuation Pause)
[2023-09-20T14:18:15.043+0530][gc,task     ] GC(3) Using 10 workers of 10 for evacuation
[2023-09-20T14:18:15.046+0530][gc,phases   ] GC(3)   Pre Evacuate Collection Set: 0.2ms
[2023-09-20T14:18:15.046+0530][gc,phases   ] GC(3)   Merge Heap Roots: 0.2ms
[2023-09-20T14:18:15.046+0530][gc,phases   ] GC(3)   Evacuate Collection Set: 2.4ms
[2023-09-20T14:18:15.046+0530][gc,phases   ] GC(3)   Post Evacuate Collection Set: 0.7ms
[2023-09-20T14:18:15.046+0530][gc,phases   ] GC(3)   Other: 0.1ms
[2023-09-20T14:18:15.046+0530][gc,heap     ] GC(3) Eden regions: 49->0(45)
[2023-09-20T14:18:15.046+0530][gc,heap     ] GC(3) Survivor regions: 2->6(7)
[2023-09-20T14:18:15.046+0530][gc,heap     ] GC(3) Old regions: 8->8
[2023-09-20T14:18:15.046+0530][gc,heap     ] GC(3) Archive regions: 2->2
[2023-09-20T14:18:15.046+0530][gc,heap     ] GC(3) Humongous regions: 129->129
[2023-09-20T14:18:15.046+0530][gc,metaspace] GC(3) Metaspace: 30490K(30784K)->30490K(30784K) NonClass: 27029K(27200K)->27029K(27200K) Class: 3460K(3584K)->3460K(3584K)
[2023-09-20T14:18:15.046+0530][gc          ] GC(3) Pause Young (Normal) (G1 Evacuation Pause) 187M->142M(1024M) 3.779ms
[2023-09-20T14:18:15.046+0530][gc,cpu      ] GC(3) User=0.02s Sys=0.00s Real=0.00s
[2023-09-20T14:18:15.370+0530][gc,start    ] GC(4) Pause Young (Concurrent Start) (Metadata GC Threshold)
[2023-09-20T14:18:15.370+0530][gc,task     ] GC(4) Using 10 workers of 10 for evacuation
[2023-09-20T14:18:15.379+0530][gc,phases   ] GC(4)   Pre Evacuate Collection Set: 0.4ms
[2023-09-20T14:18:15.379+0530][gc,phases   ] GC(4)   Merge Heap Roots: 0.2ms
[2023-09-20T14:18:15.379+0530][gc,phases   ] GC(4)   Evacuate Collection Set: 7.4ms
[2023-09-20T14:18:15.379+0530][gc,phases   ] GC(4)   Post Evacuate Collection Set: 0.8ms
[2023-09-20T14:18:15.379+0530][gc,phases   ] GC(4)   Other: 0.2ms
[2023-09-20T14:18:15.379+0530][gc,heap     ] GC(4) Eden regions: 22->0(49)
[2023-09-20T14:18:15.379+0530][gc,heap     ] GC(4) Survivor regions: 6->2(7)
[2023-09-20T14:18:15.379+0530][gc,heap     ] GC(4) Old regions: 8->13
[2023-09-20T14:18:15.379+0530][gc,heap     ] GC(4) Archive regions: 2->2
[2023-09-20T14:18:15.379+0530][gc,heap     ] GC(4) Humongous regions: 129->129
[2023-09-20T14:18:15.379+0530][gc,metaspace] GC(4) Metaspace: 35694K(35968K)->35694K(35968K) NonClass: 31649K(31808K)->31649K(31808K) Class: 4044K(4160K)->4044K(4160K)
[2023-09-20T14:18:15.379+0530][gc          ] GC(4) Pause Young (Concurrent Start) (Metadata GC Threshold) 164M->144M(1024M) 9.114ms
[2023-09-20T14:18:15.379+0530][gc,cpu      ] GC(4) User=0.00s Sys=0.07s Real=0.01s
[2023-09-20T14:18:15.379+0530][gc          ] GC(5) Concurrent Mark Cycle
[2023-09-20T14:18:15.379+0530][gc,marking  ] GC(5) Concurrent Clear Claimed Marks
[2023-09-20T14:18:15.379+0530][gc,marking  ] GC(5) Concurrent Clear Claimed Marks 0.029ms
[2023-09-20T14:18:15.379+0530][gc,marking  ] GC(5) Concurrent Scan Root Regions
[2023-09-20T14:18:15.381+0530][gc,marking  ] GC(5) Concurrent Scan Root Regions 1.549ms
[2023-09-20T14:18:15.381+0530][gc,marking  ] GC(5) Concurrent Mark
[2023-09-20T14:18:15.381+0530][gc,marking  ] GC(5) Concurrent Mark From Roots
[2023-09-20T14:18:15.381+0530][gc,task     ] GC(5) Using 3 workers of 3 for marking
[2023-09-20T14:18:15.383+0530][gc,marking  ] GC(5) Concurrent Mark From Roots 2.765ms
[2023-09-20T14:18:15.384+0530][gc,marking  ] GC(5) Concurrent Preclean
[2023-09-20T14:18:15.384+0530][gc,marking  ] GC(5) Concurrent Preclean 0.080ms
[2023-09-20T14:18:15.384+0530][gc,start    ] GC(5) Pause Remark
[2023-09-20T14:18:15.386+0530][gc          ] GC(5) Pause Remark 145M->145M(1024M) 2.234ms
[2023-09-20T14:18:15.386+0530][gc,cpu      ] GC(5) User=0.01s Sys=0.00s Real=0.00s
[2023-09-20T14:18:15.386+0530][gc,marking  ] GC(5) Concurrent Mark 5.722ms
[2023-09-20T14:18:15.386+0530][gc,marking  ] GC(5) Concurrent Rebuild Remembered Sets
[2023-09-20T14:18:15.386+0530][gc,marking  ] GC(5) Concurrent Rebuild Remembered Sets 0.004ms
[2023-09-20T14:18:15.387+0530][gc,start    ] GC(5) Pause Cleanup
[2023-09-20T14:18:15.387+0530][gc          ] GC(5) Pause Cleanup 145M->145M(1024M) 0.018ms
[2023-09-20T14:18:15.387+0530][gc,cpu      ] GC(5) User=0.01s Sys=0.00s Real=0.00s
[2023-09-20T14:18:15.387+0530][gc,marking  ] GC(5) Concurrent Cleanup for Next Mark
[2023-09-20T14:18:15.390+0530][gc,marking  ] GC(5) Concurrent Cleanup for Next Mark 3.504ms
[2023-09-20T14:18:15.390+0530][gc          ] GC(5) Concurrent Mark Cycle 11.404ms
[2023-09-20T14:18:52.491+0530][gc,heap,exit] Heap
[2023-09-20T14:18:52.491+0530][gc,heap,exit]  garbage-first heap   total 1048576K, used 195154K [0x00000000c0000000, 0x0000000100000000)
[2023-09-20T14:18:52.491+0530][gc,heap,exit]   region size 1024K, 30 young (30720K), 2 survivors (2048K)
[2023-09-20T14:18:52.491+0530][gc,heap,exit]  Metaspace       used 38621K, committed 39040K, reserved 1114112K
[2023-09-20T14:18:52.491+0530][gc,heap,exit]   class space    used 4585K, committed 4736K, reserved 1048576K
