[2023-09-20T14:38:42.842+0530][gc] Using G1
[2023-09-20T14:38:42.847+0530][gc,init] Version: 17.0.8.1+1-Ubuntu-0ubuntu120.04 (release)
[2023-09-20T14:38:42.847+0530][gc,init] CPUs: 12 total, 12 available
[2023-09-20T14:38:42.847+0530][gc,init] Memory: 7651M
[2023-09-20T14:38:42.847+0530][gc,init] Large Page Support: Disabled
[2023-09-20T14:38:42.847+0530][gc,init] NUMA Support: Disabled
[2023-09-20T14:38:42.847+0530][gc,init] Compressed Oops: Enabled (32-bit)
[2023-09-20T14:38:42.847+0530][gc,init] Heap Region Size: 1M
[2023-09-20T14:38:42.847+0530][gc,init] Heap Min Capacity: 1G
[2023-09-20T14:38:42.847+0530][gc,init] Heap Initial Capacity: 1G
[2023-09-20T14:38:42.847+0530][gc,init] Heap Max Capacity: 1G
[2023-09-20T14:38:42.847+0530][gc,init] Pre-touch: Disabled
[2023-09-20T14:38:42.847+0530][gc,init] Parallel Workers: 10
[2023-09-20T14:38:42.847+0530][gc,init] Concurrent Workers: 3
[2023-09-20T14:38:42.847+0530][gc,init] Concurrent Refinement Workers: 10
[2023-09-20T14:38:42.847+0530][gc,init] Periodic GC: Disabled
[2023-09-20T14:38:42.852+0530][gc,metaspace] CDS archive(s) mapped at: [0x00007fb5a3000000-0x00007fb5a3beb000-0x00007fb5a3beb000), size 12496896, SharedBaseAddress: 0x00007fb5a3000000, ArchiveRelocationMode: 1.
[2023-09-20T14:38:42.852+0530][gc,metaspace] Compressed class space mapped at: 0x00007fb5a4000000-0x00007fb5e4000000, reserved size: 1073741824
[2023-09-20T14:38:42.852+0530][gc,metaspace] Narrow klass base: 0x00007fb5a3000000, Narrow klass shift: 0, Narrow klass range: 0x100000000
[2023-09-20T14:38:43.999+0530][gc,start    ] GC(0) Pause Young (Normal) (G1 Evacuation Pause)
[2023-09-20T14:38:44.000+0530][gc,task     ] GC(0) Using 10 workers of 10 for evacuation
[2023-09-20T14:38:44.019+0530][gc,phases   ] GC(0)   Pre Evacuate Collection Set: 0.3ms
[2023-09-20T14:38:44.019+0530][gc,phases   ] GC(0)   Merge Heap Roots: 0.2ms
[2023-09-20T14:38:44.019+0530][gc,phases   ] GC(0)   Evacuate Collection Set: 17.2ms
[2023-09-20T14:38:44.019+0530][gc,phases   ] GC(0)   Post Evacuate Collection Set: 1.1ms
[2023-09-20T14:38:44.019+0530][gc,phases   ] GC(0)   Other: 2.1ms
[2023-09-20T14:38:44.019+0530][gc,heap     ] GC(0) Eden regions: 51->0(44)
[2023-09-20T14:38:44.019+0530][gc,heap     ] GC(0) Survivor regions: 0->7(7)
[2023-09-20T14:38:44.019+0530][gc,heap     ] GC(0) Old regions: 0->1
[2023-09-20T14:38:44.019+0530][gc,heap     ] GC(0) Archive regions: 2->2
[2023-09-20T14:38:44.019+0530][gc,heap     ] GC(0) Humongous regions: 0->0
[2023-09-20T14:38:44.019+0530][gc,metaspace] GC(0) Metaspace: 18827K(19072K)->18827K(19072K) NonClass: 16575K(16704K)->16575K(16704K) Class: 2251K(2368K)->2251K(2368K)
[2023-09-20T14:38:44.019+0530][gc          ] GC(0) Pause Young (Normal) (G1 Evacuation Pause) 51M->8M(1024M) 20.974ms
[2023-09-20T14:38:44.020+0530][gc,cpu      ] GC(0) User=0.02s Sys=0.13s Real=0.02s
[2023-09-20T14:38:44.253+0530][gc,start    ] GC(1) Pause Young (Concurrent Start) (Metadata GC Threshold)
[2023-09-20T14:38:44.253+0530][gc,task     ] GC(1) Using 10 workers of 10 for evacuation
[2023-09-20T14:38:44.270+0530][gc,phases   ] GC(1)   Pre Evacuate Collection Set: 0.2ms
[2023-09-20T14:38:44.270+0530][gc,phases   ] GC(1)   Merge Heap Roots: 0.2ms
[2023-09-20T14:38:44.270+0530][gc,phases   ] GC(1)   Evacuate Collection Set: 14.7ms
[2023-09-20T14:38:44.270+0530][gc,phases   ] GC(1)   Post Evacuate Collection Set: 1.0ms
[2023-09-20T14:38:44.270+0530][gc,phases   ] GC(1)   Other: 0.3ms
[2023-09-20T14:38:44.270+0530][gc,heap     ] GC(1) Eden regions: 10->0(50)
[2023-09-20T14:38:44.270+0530][gc,heap     ] GC(1) Survivor regions: 7->1(7)
[2023-09-20T14:38:44.270+0530][gc,heap     ] GC(1) Old regions: 1->8
[2023-09-20T14:38:44.270+0530][gc,heap     ] GC(1) Archive regions: 2->2
[2023-09-20T14:38:44.270+0530][gc,heap     ] GC(1) Humongous regions: 0->0
[2023-09-20T14:38:44.270+0530][gc,metaspace] GC(1) Metaspace: 21304K(21504K)->21304K(21504K) NonClass: 18737K(18816K)->18737K(18816K) Class: 2566K(2688K)->2566K(2688K)
[2023-09-20T14:38:44.270+0530][gc          ] GC(1) Pause Young (Concurrent Start) (Metadata GC Threshold) 17M->9M(1024M) 16.580ms
[2023-09-20T14:38:44.270+0530][gc,cpu      ] GC(1) User=0.09s Sys=0.06s Real=0.01s
[2023-09-20T14:38:44.270+0530][gc          ] GC(2) Concurrent Mark Cycle
[2023-09-20T14:38:44.270+0530][gc,marking  ] GC(2) Concurrent Clear Claimed Marks
[2023-09-20T14:38:44.270+0530][gc,marking  ] GC(2) Concurrent Clear Claimed Marks 0.043ms
[2023-09-20T14:38:44.270+0530][gc,marking  ] GC(2) Concurrent Scan Root Regions
[2023-09-20T14:38:44.273+0530][gc,marking  ] GC(2) Concurrent Scan Root Regions 3.166ms
[2023-09-20T14:38:44.273+0530][gc,marking  ] GC(2) Concurrent Mark
[2023-09-20T14:38:44.273+0530][gc,marking  ] GC(2) Concurrent Mark From Roots
[2023-09-20T14:38:44.273+0530][gc,task     ] GC(2) Using 3 workers of 3 for marking
[2023-09-20T14:38:44.276+0530][gc,marking  ] GC(2) Concurrent Mark From Roots 2.133ms
[2023-09-20T14:38:44.276+0530][gc,marking  ] GC(2) Concurrent Preclean
[2023-09-20T14:38:44.276+0530][gc,marking  ] GC(2) Concurrent Preclean 0.053ms
[2023-09-20T14:38:44.276+0530][gc,start    ] GC(2) Pause Remark
[2023-09-20T14:38:44.278+0530][gc          ] GC(2) Pause Remark 9M->9M(1024M) 2.235ms
[2023-09-20T14:38:44.278+0530][gc,cpu      ] GC(2) User=0.01s Sys=0.00s Real=0.00s
[2023-09-20T14:38:44.279+0530][gc,marking  ] GC(2) Concurrent Mark 5.100ms
[2023-09-20T14:38:44.279+0530][gc,marking  ] GC(2) Concurrent Rebuild Remembered Sets
[2023-09-20T14:38:44.280+0530][gc,marking  ] GC(2) Concurrent Rebuild Remembered Sets 1.786ms
[2023-09-20T14:38:44.281+0530][gc,start    ] GC(2) Pause Cleanup
[2023-09-20T14:38:44.281+0530][gc          ] GC(2) Pause Cleanup 9M->9M(1024M) 0.406ms
[2023-09-20T14:38:44.281+0530][gc,cpu      ] GC(2) User=0.00s Sys=0.00s Real=0.00s
[2023-09-20T14:38:44.282+0530][gc,marking  ] GC(2) Concurrent Cleanup for Next Mark
[2023-09-20T14:38:44.288+0530][gc,marking  ] GC(2) Concurrent Cleanup for Next Mark 6.075ms
[2023-09-20T14:38:44.288+0530][gc          ] GC(2) Concurrent Mark Cycle 17.749ms
[2023-09-20T14:38:45.480+0530][gc,start    ] GC(3) Pause Young (Normal) (G1 Evacuation Pause)
[2023-09-20T14:38:45.481+0530][gc,task     ] GC(3) Using 10 workers of 10 for evacuation
[2023-09-20T14:38:45.488+0530][gc,phases   ] GC(3)   Pre Evacuate Collection Set: 0.3ms
[2023-09-20T14:38:45.488+0530][gc,phases   ] GC(3)   Merge Heap Roots: 0.2ms
[2023-09-20T14:38:45.488+0530][gc,phases   ] GC(3)   Evacuate Collection Set: 4.5ms
[2023-09-20T14:38:45.488+0530][gc,phases   ] GC(3)   Post Evacuate Collection Set: 1.8ms
[2023-09-20T14:38:45.488+0530][gc,phases   ] GC(3)   Other: 0.3ms
[2023-09-20T14:38:45.488+0530][gc,heap     ] GC(3) Eden regions: 50->0(45)
[2023-09-20T14:38:45.488+0530][gc,heap     ] GC(3) Survivor regions: 1->6(7)
[2023-09-20T14:38:45.488+0530][gc,heap     ] GC(3) Old regions: 8->8
[2023-09-20T14:38:45.488+0530][gc,heap     ] GC(3) Archive regions: 2->2
[2023-09-20T14:38:45.488+0530][gc,heap     ] GC(3) Humongous regions: 129->129
[2023-09-20T14:38:45.488+0530][gc,metaspace] GC(3) Metaspace: 30954K(31232K)->30954K(31232K) NonClass: 27474K(27648K)->27474K(27648K) Class: 3480K(3584K)->3480K(3584K)
[2023-09-20T14:38:45.488+0530][gc          ] GC(3) Pause Young (Normal) (G1 Evacuation Pause) 188M->142M(1024M) 7.347ms
[2023-09-20T14:38:45.488+0530][gc,cpu      ] GC(3) User=0.05s Sys=0.00s Real=0.01s
[2023-09-20T14:38:45.988+0530][gc,start    ] GC(4) Pause Young (Concurrent Start) (Metadata GC Threshold)
[2023-09-20T14:38:45.988+0530][gc,task     ] GC(4) Using 10 workers of 10 for evacuation
[2023-09-20T14:38:46.003+0530][gc,phases   ] GC(4)   Pre Evacuate Collection Set: 0.4ms
[2023-09-20T14:38:46.003+0530][gc,phases   ] GC(4)   Merge Heap Roots: 0.3ms
[2023-09-20T14:38:46.003+0530][gc,phases   ] GC(4)   Evacuate Collection Set: 11.5ms
[2023-09-20T14:38:46.003+0530][gc,phases   ] GC(4)   Post Evacuate Collection Set: 1.6ms
[2023-09-20T14:38:46.003+0530][gc,phases   ] GC(4)   Other: 0.6ms
[2023-09-20T14:38:46.003+0530][gc,heap     ] GC(4) Eden regions: 21->0(49)
[2023-09-20T14:38:46.003+0530][gc,heap     ] GC(4) Survivor regions: 6->2(7)
[2023-09-20T14:38:46.003+0530][gc,heap     ] GC(4) Old regions: 8->13
[2023-09-20T14:38:46.003+0530][gc,heap     ] GC(4) Archive regions: 2->2
[2023-09-20T14:38:46.003+0530][gc,heap     ] GC(4) Humongous regions: 129->129
[2023-09-20T14:38:46.003+0530][gc,metaspace] GC(4) Metaspace: 35707K(35968K)->35707K(35968K) NonClass: 31659K(31808K)->31659K(31808K) Class: 4048K(4160K)->4048K(4160K)
[2023-09-20T14:38:46.003+0530][gc          ] GC(4) Pause Young (Concurrent Start) (Metadata GC Threshold) 163M->144M(1024M) 14.444ms
[2023-09-20T14:38:46.003+0530][gc,cpu      ] GC(4) User=0.05s Sys=0.09s Real=0.02s
[2023-09-20T14:38:46.003+0530][gc          ] GC(5) Concurrent Mark Cycle
[2023-09-20T14:38:46.003+0530][gc,marking  ] GC(5) Concurrent Clear Claimed Marks
[2023-09-20T14:38:46.003+0530][gc,marking  ] GC(5) Concurrent Clear Claimed Marks 0.057ms
[2023-09-20T14:38:46.003+0530][gc,marking  ] GC(5) Concurrent Scan Root Regions
[2023-09-20T14:38:46.006+0530][gc,marking  ] GC(5) Concurrent Scan Root Regions 2.494ms
[2023-09-20T14:38:46.006+0530][gc,marking  ] GC(5) Concurrent Mark
[2023-09-20T14:38:46.006+0530][gc,marking  ] GC(5) Concurrent Mark From Roots
[2023-09-20T14:38:46.006+0530][gc,task     ] GC(5) Using 3 workers of 3 for marking
[2023-09-20T14:38:46.011+0530][gc,marking  ] GC(5) Concurrent Mark From Roots 5.563ms
[2023-09-20T14:38:46.011+0530][gc,marking  ] GC(5) Concurrent Preclean
[2023-09-20T14:38:46.011+0530][gc,marking  ] GC(5) Concurrent Preclean 0.150ms
[2023-09-20T14:38:46.012+0530][gc,start    ] GC(5) Pause Remark
[2023-09-20T14:38:46.015+0530][gc          ] GC(5) Pause Remark 145M->145M(1024M) 3.308ms
[2023-09-20T14:38:46.015+0530][gc,cpu      ] GC(5) User=0.01s Sys=0.03s Real=0.01s
[2023-09-20T14:38:46.016+0530][gc,marking  ] GC(5) Concurrent Mark 10.004ms
[2023-09-20T14:38:46.016+0530][gc,marking  ] GC(5) Concurrent Rebuild Remembered Sets
[2023-09-20T14:38:46.016+0530][gc,marking  ] GC(5) Concurrent Rebuild Remembered Sets 0.007ms
[2023-09-20T14:38:46.016+0530][gc,start    ] GC(5) Pause Cleanup
[2023-09-20T14:38:46.016+0530][gc          ] GC(5) Pause Cleanup 145M->145M(1024M) 0.037ms
[2023-09-20T14:38:46.016+0530][gc,cpu      ] GC(5) User=0.00s Sys=0.00s Real=0.00s
[2023-09-20T14:38:46.016+0530][gc,marking  ] GC(5) Concurrent Cleanup for Next Mark
[2023-09-20T14:38:46.026+0530][gc,marking  ] GC(5) Concurrent Cleanup for Next Mark 9.478ms
[2023-09-20T14:38:46.026+0530][gc          ] GC(5) Concurrent Mark Cycle 22.948ms
[2023-09-20T14:39:01.324+0530][gc,heap,exit] Heap
[2023-09-20T14:39:01.324+0530][gc,heap,exit]  garbage-first heap   total 1048576K, used 193376K [0x00000000c0000000, 0x0000000100000000)
[2023-09-20T14:39:01.324+0530][gc,heap,exit]   region size 1024K, 29 young (29696K), 2 survivors (2048K)
[2023-09-20T14:39:01.324+0530][gc,heap,exit]  Metaspace       used 38420K, committed 38848K, reserved 1114112K
[2023-09-20T14:39:01.324+0530][gc,heap,exit]   class space    used 4562K, committed 4736K, reserved 1048576K
