[2023-09-20T15:38:21.225+0530][gc] Using G1
[2023-09-20T15:38:21.230+0530][gc,init] Version: 17.0.8.1+1-Ubuntu-0ubuntu120.04 (release)
[2023-09-20T15:38:21.230+0530][gc,init] CPUs: 12 total, 12 available
[2023-09-20T15:38:21.230+0530][gc,init] Memory: 7651M
[2023-09-20T15:38:21.230+0530][gc,init] Large Page Support: Disabled
[2023-09-20T15:38:21.230+0530][gc,init] NUMA Support: Disabled
[2023-09-20T15:38:21.230+0530][gc,init] Compressed Oops: Enabled (32-bit)
[2023-09-20T15:38:21.230+0530][gc,init] Heap Region Size: 1M
[2023-09-20T15:38:21.230+0530][gc,init] Heap Min Capacity: 512M
[2023-09-20T15:38:21.230+0530][gc,init] Heap Initial Capacity: 512M
[2023-09-20T15:38:21.230+0530][gc,init] Heap Max Capacity: 512M
[2023-09-20T15:38:21.230+0530][gc,init] Pre-touch: Disabled
[2023-09-20T15:38:21.230+0530][gc,init] Parallel Workers: 10
[2023-09-20T15:38:21.230+0530][gc,init] Concurrent Workers: 3
[2023-09-20T15:38:21.230+0530][gc,init] Concurrent Refinement Workers: 10
[2023-09-20T15:38:21.230+0530][gc,init] Periodic GC: Disabled
[2023-09-20T15:38:21.239+0530][gc,metaspace] CDS archive(s) mapped at: [0x00007f5013000000-0x00007f5013beb000-0x00007f5013beb000), size 12496896, SharedBaseAddress: 0x00007f5013000000, ArchiveRelocationMode: 1.
[2023-09-20T15:38:21.239+0530][gc,metaspace] Compressed class space mapped at: 0x00007f5014000000-0x00007f5054000000, reserved size: 1073741824
[2023-09-20T15:38:21.239+0530][gc,metaspace] Narrow klass base: 0x00007f5013000000, Narrow klass shift: 0, Narrow klass range: 0x100000000
[2023-09-20T15:38:22.196+0530][gc,start    ] GC(0) Pause Young (Normal) (G1 Evacuation Pause)
[2023-09-20T15:38:22.197+0530][gc,task     ] GC(0) Using 10 workers of 10 for evacuation
[2023-09-20T15:38:22.212+0530][gc,phases   ] GC(0)   Pre Evacuate Collection Set: 0.2ms
[2023-09-20T15:38:22.212+0530][gc,phases   ] GC(0)   Merge Heap Roots: 0.2ms
[2023-09-20T15:38:22.212+0530][gc,phases   ] GC(0)   Evacuate Collection Set: 13.1ms
[2023-09-20T15:38:22.212+0530][gc,phases   ] GC(0)   Post Evacuate Collection Set: 1.0ms
[2023-09-20T15:38:22.212+0530][gc,phases   ] GC(0)   Other: 1.4ms
[2023-09-20T15:38:22.212+0530][gc,heap     ] GC(0) Eden regions: 25->0(21)
[2023-09-20T15:38:22.212+0530][gc,heap     ] GC(0) Survivor regions: 0->4(4)
[2023-09-20T15:38:22.212+0530][gc,heap     ] GC(0) Old regions: 0->4
[2023-09-20T15:38:22.212+0530][gc,heap     ] GC(0) Archive regions: 2->2
[2023-09-20T15:38:22.212+0530][gc,heap     ] GC(0) Humongous regions: 0->0
[2023-09-20T15:38:22.212+0530][gc,metaspace] GC(0) Metaspace: 8087K(8256K)->8087K(8256K) NonClass: 7183K(7296K)->7183K(7296K) Class: 903K(960K)->903K(960K)
[2023-09-20T15:38:22.212+0530][gc          ] GC(0) Pause Young (Normal) (G1 Evacuation Pause) 25M->8M(512M) 15.835ms
[2023-09-20T15:38:22.212+0530][gc,cpu      ] GC(0) User=0.02s Sys=0.11s Real=0.01s
