[2023-09-20T14:43:50.266+0530][gc] Using G1
[2023-09-20T14:43:50.269+0530][gc,init] Version: 17.0.8.1+1-Ubuntu-0ubuntu120.04 (release)
[2023-09-20T14:43:50.269+0530][gc,init] CPUs: 12 total, 12 available
[2023-09-20T14:43:50.269+0530][gc,init] Memory: 7651M
[2023-09-20T14:43:50.269+0530][gc,init] Large Page Support: Disabled
[2023-09-20T14:43:50.269+0530][gc,init] NUMA Support: Disabled
[2023-09-20T14:43:50.269+0530][gc,init] Compressed Oops: Enabled (32-bit)
[2023-09-20T14:43:50.269+0530][gc,init] Heap Region Size: 1M
[2023-09-20T14:43:50.269+0530][gc,init] Heap Min Capacity: 512M
[2023-09-20T14:43:50.269+0530][gc,init] Heap Initial Capacity: 512M
[2023-09-20T14:43:50.269+0530][gc,init] Heap Max Capacity: 512M
[2023-09-20T14:43:50.269+0530][gc,init] Pre-touch: Disabled
[2023-09-20T14:43:50.269+0530][gc,init] Parallel Workers: 10
[2023-09-20T14:43:50.269+0530][gc,init] Concurrent Workers: 3
[2023-09-20T14:43:50.269+0530][gc,init] Concurrent Refinement Workers: 10
[2023-09-20T14:43:50.269+0530][gc,init] Periodic GC: Disabled
[2023-09-20T14:43:50.275+0530][gc,metaspace] CDS archive(s) mapped at: [0x00007f60d7000000-0x00007f60d7beb000-0x00007f60d7beb000), size 12496896, SharedBaseAddress: 0x00007f60d7000000, ArchiveRelocationMode: 1.
[2023-09-20T14:43:50.275+0530][gc,metaspace] Compressed class space mapped at: 0x00007f60d8000000-0x00007f6118000000, reserved size: 1073741824
[2023-09-20T14:43:50.275+0530][gc,metaspace] Narrow klass base: 0x00007f60d7000000, Narrow klass shift: 0, Narrow klass range: 0x100000000
[2023-09-20T14:43:51.117+0530][gc,start    ] GC(0) Pause Young (Normal) (G1 Evacuation Pause)
[2023-09-20T14:43:51.118+0530][gc,task     ] GC(0) Using 10 workers of 10 for evacuation
[2023-09-20T14:43:51.131+0530][gc,phases   ] GC(0)   Pre Evacuate Collection Set: 0.2ms
[2023-09-20T14:43:51.131+0530][gc,phases   ] GC(0)   Merge Heap Roots: 0.2ms
[2023-09-20T14:43:51.131+0530][gc,phases   ] GC(0)   Evacuate Collection Set: 11.3ms
[2023-09-20T14:43:51.131+0530][gc,phases   ] GC(0)   Post Evacuate Collection Set: 1.0ms
[2023-09-20T14:43:51.131+0530][gc,phases   ] GC(0)   Other: 1.4ms
[2023-09-20T14:43:51.131+0530][gc,heap     ] GC(0) Eden regions: 25->0(21)
[2023-09-20T14:43:51.131+0530][gc,heap     ] GC(0) Survivor regions: 0->4(4)
[2023-09-20T14:43:51.131+0530][gc,heap     ] GC(0) Old regions: 0->4
[2023-09-20T14:43:51.131+0530][gc,heap     ] GC(0) Archive regions: 2->2
[2023-09-20T14:43:51.131+0530][gc,heap     ] GC(0) Humongous regions: 0->0
[2023-09-20T14:43:51.131+0530][gc,metaspace] GC(0) Metaspace: 8089K(8256K)->8089K(8256K) NonClass: 7186K(7296K)->7186K(7296K) Class: 903K(960K)->903K(960K)
[2023-09-20T14:43:51.131+0530][gc          ] GC(0) Pause Young (Normal) (G1 Evacuation Pause) 25M->8M(512M) 14.175ms
[2023-09-20T14:43:51.131+0530][gc,cpu      ] GC(0) User=0.03s Sys=0.09s Real=0.01s
